================================================================
Experimento v4 — descoberta de rotas (16 linhas)
================================================================

Carregando shapes...
Shapes: 669 | configs: 28

Carregando dados GPS...
Pings: 650,293 | trips validas: 344
Combos de parâmetros: 36
Execuções previstas: 1152

=== 020/circular b2 | 2 trips | 10,378 pings ===
  [1/1152] N=90 r=5 G=1.1 | cov=96.2% dm=9.3m | OK
  [2/1152] N=90 r=5 G=1.25 | cov=97.8% dm=7.9m | OK
  [3/1152] N=90 r=5 G=1.5 | cov=97.4% dm=8.3m | OK
  [4/1152] N=90 r=5 G=2.0 | cov=87.0% dm=13.2m | OK
  [5/1152] N=180 r=5 G=1.1 | cov=96.3% dm=9.3m | OK
  [6/1152] N=180 r=5 G=1.25 | cov=97.7% dm=7.9m | OK
  [7/1152] N=180 r=5 G=1.5 | cov=97.4% dm=8.2m | OK
  [8/1152] N=180 r=5 G=2.0 | cov=86.9% dm=13.6m | OK
  [9/1152] N=360 r=5 G=1.1 | cov=96.1% dm=9.3m | OK
  [10/1152] N=360 r=5 G=1.25 | cov=97.6% dm=8.0m | OK
  [11/1152] N=360 r=5 G=1.5 | cov=97.4% dm=8.3m | OK
  [12/1152] N=360 r=5 G=2.0 | cov=86.4% dm=13.6m | OK
  [13/1152] N=90 r=10 G=1.1 | cov=97.0% dm=8.6m | OK
  [14/1152] N=90 r=10 G=1.25 | cov=97.6% dm=8.1m | OK
  [15/1152] N=90 r=10 G=1.5 | cov=97.7% dm=8.1m | OK
  [16/1152] N=90 r=10 G=2.0 | cov=87.8% dm=12.3m | OK
  [17/1152] N=180 r=10 G=1.1 | cov=96.7% dm=8.7m | OK
  [18/1152] N=180 r=10 G=1.25 | cov=97.5% dm=8.1m | OK
  [19/1152] N=180 r=10 G=1.5 | cov=97.5% dm=8.2m | OK
  [20/1152] N=180 r=10 G=2.0 | cov=86.6% dm=12.7m | OK
  [21/1152] N=360 r=10 G=1.1 | cov=96.9% dm=8.6m | OK
  [22/1152] N=360 r=10 G=1.25 | cov=97.4% dm=8.1m | OK
  [23/1152] N=360 r=10 G=1.5 | cov=97.5% dm=8.2m | OK
  [24/1152] N=360 r=10 G=2.0 | cov=86.3% dm=12.8m | OK
  [25/1152] N=90 r=20 G=1.1 | cov=96.8% dm=9.1m | OK
  [26/1152] N=90 r=20 G=1.25 | cov=96.6% dm=9.2m | OK
  [27/1152] N=90 r=20 G=1.5 | cov=97.2% dm=8.9m | OK
  [28/1152] N=90 r=20 G=2.0 | cov=86.8% dm=12.5m | OK
  [29/1152] N=180 r=20 G=1.1 | cov=96.1% dm=9.5m | OK
  [30/1152] N=180 r=20 G=1.25 | cov=96.4% dm=9.2m | OK
  [31/1152] N=180 r=20 G=1.5 | cov=97.2% dm=9.0m | OK
  [32/1152] N=180 r=20 G=2.0 | cov=86.3% dm=12.8m | OK
  [33/1152] N=360 r=20 G=1.1 | cov=96.8% dm=9.2m | OK
  [34/1152] N=360 r=20 G=1.25 | cov=96.4% dm=9.3m | OK
  [35/1152] N=360 r=20 G=1.5 | cov=98.0% dm=8.2m | OK
  [36/1152] N=360 r=20 G=2.0 | cov=86.9% dm=13.3m | OK

=== 020/circular b5 | 5 trips | 25,732 pings ===
  [37/1152] N=90 r=5 G=1.1 | cov=98.0% dm=23.1m | OK
  [38/1152] N=90 r=5 G=1.25 | cov=98.2% dm=23.0m | OK
  [39/1152] N=90 r=5 G=1.5 | cov=98.0% dm=23.0m | OK
  [40/1152] N=90 r=5 G=2.0 | cov=91.8% dm=26.6m | OK
  [41/1152] N=180 r=5 G=1.1 | cov=98.0% dm=23.1m | OK
  [42/1152] N=180 r=5 G=1.25 | cov=98.2% dm=23.0m | OK
  [43/1152] N=180 r=5 G=1.5 | cov=97.9% dm=23.1m | OK
  [44/1152] N=180 r=5 G=2.0 | cov=92.8% dm=26.5m | OK
  [45/1152] N=360 r=5 G=1.1 | cov=97.8% dm=23.1m | OK
  [46/1152] N=360 r=5 G=1.25 | cov=98.2% dm=23.0m | OK
  [47/1152] N=360 r=5 G=1.5 | cov=98.0% dm=23.1m | OK
  [48/1152] N=360 r=5 G=2.0 | cov=93.0% dm=25.6m | OK
  [49/1152] N=90 r=10 G=1.1 | cov=97.9% dm=23.3m | OK
  [50/1152] N=90 r=10 G=1.25 | cov=98.1% dm=23.2m | OK
  [51/1152] N=90 r=10 G=1.5 | cov=98.1% dm=23.2m | OK
  [52/1152] N=90 r=10 G=2.0 | cov=92.6% dm=26.3m | OK
  [53/1152] N=180 r=10 G=1.1 | cov=97.4% dm=23.4m | OK
  [54/1152] N=180 r=10 G=1.25 | cov=98.1% dm=23.2m | OK
  [55/1152] N=180 r=10 G=1.5 | cov=98.1% dm=23.2m | OK
  [56/1152] N=180 r=10 G=2.0 | cov=90.5% dm=27.3m | OK
  [57/1152] N=360 r=10 G=1.1 | cov=97.3% dm=23.5m | OK
  [58/1152] N=360 r=10 G=1.25 | cov=97.9% dm=23.3m | OK
  [59/1152] N=360 r=10 G=1.5 | cov=98.1% dm=23.3m | OK
  [60/1152] N=360 r=10 G=2.0 | cov=93.0% dm=26.3m | OK
  [61/1152] N=90 r=20 G=1.1 | cov=97.1% dm=24.3m | OK
  [62/1152] N=90 r=20 G=1.25 | cov=97.0% dm=24.4m | OK
  [63/1152] N=90 r=20 G=1.5 | cov=97.8% dm=23.6m | OK
  [64/1152] N=90 r=20 G=2.0 | cov=90.4% dm=27.4m | OK
  [65/1152] N=180 r=20 G=1.1 | cov=97.7% dm=23.6m | OK
  [66/1152] N=180 r=20 G=1.25 | cov=97.8% dm=23.6m | OK
  [67/1152] N=180 r=20 G=1.5 | cov=96.9% dm=24.4m | OK
  [68/1152] N=180 r=20 G=2.0 | cov=92.0% dm=26.7m | OK
  [69/1152] N=360 r=20 G=1.1 | cov=97.0% dm=24.3m | OK
  [70/1152] N=360 r=20 G=1.25 | cov=97.8% dm=23.6m | OK
  [71/1152] N=360 r=20 G=1.5 | cov=96.7% dm=24.5m | OK
  [72/1152] N=360 r=20 G=2.0 | cov=90.7% dm=27.0m | OK

=== 021/circular b2 | 2 trips | 9,960 pings ===
  [73/1152] N=90 r=5 G=1.1 | cov=92.5% dm=27.0m | OK
  [74/1152] N=90 r=5 G=1.25 | cov=94.3% dm=26.5m | OK
  [75/1152] N=90 r=5 G=1.5 | cov=96.0% dm=26.1m | OK
  [76/1152] N=90 r=5 G=2.0 | cov=75.2% dm=34.5m | passos_sem_dad
  [77/1152] N=180 r=5 G=1.1 | cov=53.4% dm=1373.0m | passos_sem_dad
  [78/1152] N=180 r=5 G=1.25 | cov=94.9% dm=26.2m | OK
  [79/1152] N=180 r=5 G=1.5 | cov=96.3% dm=26.0m | OK
  [80/1152] N=180 r=5 G=2.0 | cov=80.8% dm=32.8m | OK
  [81/1152] N=360 r=5 G=1.1 | cov=39.7% dm=2045.1m | passos_sem_dad
  [82/1152] N=360 r=5 G=1.25 | cov=94.5% dm=26.6m | OK
  [83/1152] N=360 r=5 G=1.5 | cov=96.0% dm=26.0m | OK
  [84/1152] N=360 r=5 G=2.0 | cov=78.1% dm=33.1m | passos_sem_dad
  [85/1152] N=90 r=10 G=1.1 | cov=93.2% dm=26.9m | OK
  [86/1152] N=90 r=10 G=1.25 | cov=54.3% dm=1373.8m | passos_sem_dad
  [87/1152] N=90 r=10 G=1.5 | cov=56.4% dm=1373.1m | passos_sem_dad
  [88/1152] N=90 r=10 G=2.0 | cov=76.5% dm=33.4m | OK
  [89/1152] N=180 r=10 G=1.1 | cov=39.0% dm=2094.7m | passos_sem_dad
  [90/1152] N=180 r=10 G=1.25 | cov=55.1% dm=1374.0m | passos_sem_dad
  [91/1152] N=180 r=10 G=1.5 | cov=55.7% dm=1373.3m | passos_sem_dad
  [92/1152] N=180 r=10 G=2.0 | cov=78.7% dm=32.5m | OK
  [93/1152] N=360 r=10 G=1.1 | cov=93.1% dm=26.9m | OK
  [94/1152] N=360 r=10 G=1.25 | cov=54.9% dm=1373.8m | passos_sem_dad
  [95/1152] N=360 r=10 G=1.5 | cov=55.9% dm=1373.8m | passos_sem_dad
  [96/1152] N=360 r=10 G=2.0 | cov=41.3% dm=1392.4m | passos_sem_dad
  [97/1152] N=90 r=20 G=1.1 | cov=38.6% dm=2116.5m | passos_sem_dad
  [98/1152] N=90 r=20 G=1.25 | cov=40.1% dm=2103.7m | passos_sem_dad
  [99/1152] N=90 r=20 G=1.5 | cov=40.7% dm=2103.5m | passos_sem_dad
  [100/1152] N=90 r=20 G=2.0 | cov=74.2% dm=34.6m | passos_sem_dad
  [101/1152] N=180 r=20 G=1.1 | cov=38.9% dm=2077.6m | passos_sem_dad
  [102/1152] N=180 r=20 G=1.25 | cov=45.4% dm=1806.2m | passos_sem_dad
  [103/1152] N=180 r=20 G=1.5 | cov=56.0% dm=1374.9m | passos_sem_dad
  [104/1152] N=180 r=20 G=2.0 | cov=41.0% dm=1390.4m | passos_sem_dad
  [105/1152] N=360 r=20 G=1.1 | cov=40.0% dm=1984.9m | passos_sem_dad
  [106/1152] N=360 r=20 G=1.25 | cov=55.1% dm=1374.4m | passos_sem_dad
  [107/1152] N=360 r=20 G=1.5 | cov=41.7% dm=1979.1m | passos_sem_dad
  [108/1152] N=360 r=20 G=2.0 | cov=79.6% dm=32.2m | passos_sem_dad

=== 021/circular b5 | 5 trips | 23,072 pings ===
  [109/1152] N=90 r=5 G=1.1 | cov=97.7% dm=18.1m | OK
  [110/1152] N=90 r=5 G=1.25 | cov=98.1% dm=17.8m | OK
  [111/1152] N=90 r=5 G=1.5 | cov=98.2% dm=17.7m | OK
  [112/1152] N=90 r=5 G=2.0 | cov=92.2% dm=20.5m | OK
  [113/1152] N=180 r=5 G=1.1 | cov=41.4% dm=2061.7m | passos_sem_dad
  [114/1152] N=180 r=5 G=1.25 | cov=98.3% dm=17.8m | OK
  [115/1152] N=180 r=5 G=1.5 | cov=98.3% dm=17.7m | OK
  [116/1152] N=180 r=5 G=2.0 | cov=87.5% dm=22.5m | OK
  [117/1152] N=360 r=5 G=1.1 | cov=41.4% dm=2070.1m | passos_sem_dad
  [118/1152] N=360 r=5 G=1.25 | cov=98.3% dm=17.8m | OK
  [119/1152] N=360 r=5 G=1.5 | cov=98.2% dm=17.7m | OK
  [120/1152] N=360 r=5 G=2.0 | cov=88.5% dm=21.6m | OK
  [121/1152] N=90 r=10 G=1.1 | cov=41.3% dm=2069.2m | passos_sem_dad
  [122/1152] N=90 r=10 G=1.25 | cov=97.9% dm=18.1m | OK
  [123/1152] N=90 r=10 G=1.5 | cov=98.2% dm=17.9m | OK
  [124/1152] N=90 r=10 G=2.0 | cov=88.2% dm=21.5m | OK
  [125/1152] N=180 r=10 G=1.1 | cov=41.3% dm=2068.5m | passos_sem_dad
  [126/1152] N=180 r=10 G=1.25 | cov=98.1% dm=18.0m | OK
  [127/1152] N=180 r=10 G=1.5 | cov=98.2% dm=17.9m | OK
  [128/1152] N=180 r=10 G=2.0 | cov=85.0% dm=23.7m | OK
  [129/1152] N=360 r=10 G=1.1 | cov=41.3% dm=2068.5m | passos_sem_dad
  [130/1152] N=360 r=10 G=1.25 | cov=98.2% dm=18.0m | OK
  [131/1152] N=360 r=10 G=1.5 | cov=98.2% dm=17.9m | OK
  [132/1152] N=360 r=10 G=2.0 | cov=88.0% dm=22.0m | OK
  [133/1152] N=90 r=20 G=1.1 | cov=55.9% dm=1364.3m | passos_sem_dad
  [134/1152] N=90 r=20 G=1.25 | cov=97.8% dm=18.4m | OK
  [135/1152] N=90 r=20 G=1.5 | cov=97.3% dm=18.9m | OK
  [136/1152] N=90 r=20 G=2.0 | cov=84.7% dm=23.9m | OK
  [137/1152] N=180 r=20 G=1.1 | cov=96.9% dm=18.7m | OK
  [138/1152] N=180 r=20 G=1.25 | cov=97.7% dm=18.4m | OK
  [139/1152] N=180 r=20 G=1.5 | cov=97.9% dm=18.4m | OK
  [140/1152] N=180 r=20 G=2.0 | cov=90.1% dm=21.8m | OK
  [141/1152] N=360 r=20 G=1.1 | cov=97.1% dm=18.6m | OK
  [142/1152] N=360 r=20 G=1.25 | cov=97.6% dm=18.5m | OK
  [143/1152] N=360 r=20 G=1.5 | cov=98.0% dm=18.3m | OK
  [144/1152] N=360 r=20 G=2.0 | cov=89.0% dm=21.8m | OK

=== 022/circular b2 | 2 trips | 6,247 pings ===
  [145/1152] N=90 r=5 G=1.1 | cov=93.3% dm=54.5m | OK
  [146/1152] N=90 r=5 G=1.25 | cov=93.6% dm=54.1m | OK
  [147/1152] N=90 r=5 G=1.5 | cov=93.9% dm=53.9m | OK
  [148/1152] N=90 r=5 G=2.0 | cov=74.9% dm=63.3m | passos_sem_dad
  [149/1152] N=180 r=5 G=1.1 | cov=93.5% dm=54.5m | OK
  [150/1152] N=180 r=5 G=1.25 | cov=93.5% dm=54.1m | OK
  [151/1152] N=180 r=5 G=1.5 | cov=93.6% dm=54.0m | OK
  [152/1152] N=180 r=5 G=2.0 | cov=76.8% dm=60.4m | passos_sem_dad
  [153/1152] N=360 r=5 G=1.1 | cov=91.0% dm=56.6m | OK
  [154/1152] N=360 r=5 G=1.25 | cov=93.4% dm=54.2m | OK
  [155/1152] N=360 r=5 G=1.5 | cov=94.0% dm=54.0m | OK
  [156/1152] N=360 r=5 G=2.0 | cov=73.7% dm=63.7m | passos_sem_dad
  [157/1152] N=90 r=10 G=1.1 | cov=93.4% dm=54.5m | OK
  [158/1152] N=90 r=10 G=1.25 | cov=94.1% dm=54.2m | OK
  [159/1152] N=90 r=10 G=1.5 | cov=92.8% dm=54.3m | OK
  [160/1152] N=90 r=10 G=2.0 | cov=74.8% dm=61.7m | passos_sem_dad
  [161/1152] N=180 r=10 G=1.1 | cov=93.6% dm=54.5m | OK
  [162/1152] N=180 r=10 G=1.25 | cov=94.2% dm=54.2m | OK
  [163/1152] N=180 r=10 G=1.5 | cov=92.7% dm=54.3m | OK
  [164/1152] N=180 r=10 G=2.0 | cov=74.3% dm=62.3m | passos_sem_dad
  [165/1152] N=360 r=10 G=1.1 | cov=93.6% dm=54.5m | OK
  [166/1152] N=360 r=10 G=1.25 | cov=93.9% dm=54.2m | OK
  [167/1152] N=360 r=10 G=1.5 | cov=92.8% dm=54.3m | OK
  [168/1152] N=360 r=10 G=2.0 | cov=73.1% dm=63.8m | OK
  [169/1152] N=90 r=20 G=1.1 | cov=93.3% dm=54.7m | OK
  [170/1152] N=90 r=20 G=1.25 | cov=94.5% dm=54.2m | OK
  [171/1152] N=90 r=20 G=1.5 | cov=93.9% dm=54.4m | OK
  [172/1152] N=90 r=20 G=2.0 | cov=76.5% dm=61.0m | passos_sem_dad
  [173/1152] N=180 r=20 G=1.1 | cov=93.1% dm=54.7m | OK
  [174/1152] N=180 r=20 G=1.25 | cov=94.1% dm=54.3m | OK
  [175/1152] N=180 r=20 G=1.5 | cov=93.6% dm=54.4m | OK
  [176/1152] N=180 r=20 G=2.0 | cov=74.3% dm=62.3m | passos_sem_dad
  [177/1152] N=360 r=20 G=1.1 | cov=92.6% dm=54.8m | OK
  [178/1152] N=360 r=20 G=1.25 | cov=93.9% dm=54.5m | OK
  [179/1152] N=360 r=20 G=1.5 | cov=94.0% dm=54.4m | OK
  [180/1152] N=360 r=20 G=2.0 | cov=74.0% dm=63.6m | passos_sem_dad

=== 022/circular b5 | 5 trips | 14,516 pings ===
  [181/1152] N=90 r=5 G=1.1 | cov=97.1% dm=45.5m | OK
  [182/1152] N=90 r=5 G=1.25 | cov=96.8% dm=45.5m | OK
  [183/1152] N=90 r=5 G=1.5 | cov=97.0% dm=45.4m | OK
  [184/1152] N=90 r=5 G=2.0 | cov=89.6% dm=48.4m | passos_sem_dad
  [185/1152] N=180 r=5 G=1.1 | cov=96.8% dm=45.6m | OK
  [186/1152] N=180 r=5 G=1.25 | cov=96.8% dm=45.4m | OK
  [187/1152] N=180 r=5 G=1.5 | cov=97.0% dm=45.4m | OK
  [188/1152] N=180 r=5 G=2.0 | cov=88.3% dm=49.4m | OK
  [189/1152] N=360 r=5 G=1.1 | cov=97.1% dm=45.5m | OK
  [190/1152] N=360 r=5 G=1.25 | cov=96.9% dm=45.4m | OK
  [191/1152] N=360 r=5 G=1.5 | cov=97.1% dm=45.4m | OK
  [192/1152] N=360 r=5 G=2.0 | cov=86.2% dm=50.1m | passos_sem_dad
  [193/1152] N=90 r=10 G=1.1 | cov=97.0% dm=45.7m | OK
  [194/1152] N=90 r=10 G=1.25 | cov=96.7% dm=45.7m | OK
  [195/1152] N=90 r=10 G=1.5 | cov=96.6% dm=45.7m | OK
  [196/1152] N=90 r=10 G=2.0 | cov=86.8% dm=49.7m | passos_sem_dad
  [197/1152] N=180 r=10 G=1.1 | cov=97.0% dm=45.7m | OK
  [198/1152] N=180 r=10 G=1.25 | cov=96.8% dm=45.6m | OK
  [199/1152] N=180 r=10 G=1.5 | cov=96.5% dm=45.7m | OK
  [200/1152] N=180 r=10 G=2.0 | cov=88.7% dm=48.7m | passos_sem_dad
  [201/1152] N=360 r=10 G=1.1 | cov=96.9% dm=45.7m | OK
  [202/1152] N=360 r=10 G=1.25 | cov=96.8% dm=45.6m | OK
  [203/1152] N=360 r=10 G=1.5 | cov=97.1% dm=45.5m | OK
  [204/1152] N=360 r=10 G=2.0 | cov=89.5% dm=48.5m | passos_sem_dad
  [205/1152] N=90 r=20 G=1.1 | cov=96.8% dm=46.0m | OK
  [206/1152] N=90 r=20 G=1.25 | cov=96.9% dm=45.9m | OK
  [207/1152] N=90 r=20 G=1.5 | cov=96.6% dm=46.0m | OK
  [208/1152] N=90 r=20 G=2.0 | cov=88.8% dm=48.2m | passos_sem_dad
  [209/1152] N=180 r=20 G=1.1 | cov=96.9% dm=46.0m | OK
  [210/1152] N=180 r=20 G=1.25 | cov=96.9% dm=46.0m | OK
  [211/1152] N=180 r=20 G=1.5 | cov=96.5% dm=46.0m | OK
  [212/1152] N=180 r=20 G=2.0 | cov=89.7% dm=47.8m | passos_sem_dad
  [213/1152] N=360 r=20 G=1.1 | cov=96.7% dm=46.0m | OK
  [214/1152] N=360 r=20 G=1.25 | cov=96.9% dm=46.0m | OK
  [215/1152] N=360 r=20 G=1.5 | cov=96.6% dm=46.0m | OK
  [216/1152] N=360 r=20 G=2.0 | cov=88.8% dm=48.2m | passos_sem_dad

=== 023/circular b2 | 2 trips | 7,651 pings ===
  [217/1152] N=90 r=5 G=1.1 | cov=92.9% dm=14.1m | OK
  [218/1152] N=90 r=5 G=1.25 | cov=93.4% dm=14.5m | OK
  [219/1152] N=90 r=5 G=1.5 | cov=93.2% dm=14.4m | OK
  [220/1152] N=90 r=5 G=2.0 | cov=72.7% dm=23.4m | OK
  [221/1152] N=180 r=5 G=1.1 | cov=91.7% dm=14.3m | OK
  [222/1152] N=180 r=5 G=1.25 | cov=93.4% dm=14.5m | OK
  [223/1152] N=180 r=5 G=1.5 | cov=93.5% dm=14.2m | OK
  [224/1152] N=180 r=5 G=2.0 | cov=75.8% dm=23.6m | OK
  [225/1152] N=360 r=5 G=1.1 | cov=91.5% dm=14.4m | OK
  [226/1152] N=360 r=5 G=1.25 | cov=93.4% dm=14.5m | OK
  [227/1152] N=360 r=5 G=1.5 | cov=93.4% dm=14.4m | OK
  [228/1152] N=360 r=5 G=2.0 | cov=80.4% dm=19.4m | OK
  [229/1152] N=90 r=10 G=1.1 | cov=91.5% dm=14.4m | OK
  [230/1152] N=90 r=10 G=1.25 | cov=93.1% dm=14.8m | OK
  [231/1152] N=90 r=10 G=1.5 | cov=93.9% dm=14.2m | OK
  [232/1152] N=90 r=10 G=2.0 | cov=75.2% dm=21.8m | OK
  [233/1152] N=180 r=10 G=1.1 | cov=91.7% dm=14.4m | OK
  [234/1152] N=180 r=10 G=1.25 | cov=93.1% dm=14.8m | OK
  [235/1152] N=180 r=10 G=1.5 | cov=93.9% dm=14.3m | OK
  [236/1152] N=180 r=10 G=2.0 | cov=77.9% dm=20.2m | passos_sem_dad
  [237/1152] N=360 r=10 G=1.1 | cov=91.4% dm=14.5m | OK
  [238/1152] N=360 r=10 G=1.25 | cov=93.1% dm=14.6m | OK
  [239/1152] N=360 r=10 G=1.5 | cov=93.9% dm=14.3m | OK
  [240/1152] N=360 r=10 G=2.0 | cov=77.3% dm=22.0m | OK
  [241/1152] N=90 r=20 G=1.1 | cov=92.4% dm=14.5m | OK
  [242/1152] N=90 r=20 G=1.25 | cov=92.4% dm=15.2m | OK
  [243/1152] N=90 r=20 G=1.5 | cov=92.7% dm=15.7m | OK
  [244/1152] N=90 r=20 G=2.0 | cov=77.3% dm=22.4m | passos_sem_dad
  [245/1152] N=180 r=20 G=1.1 | cov=91.9% dm=14.6m | OK
  [246/1152] N=180 r=20 G=1.25 | cov=92.7% dm=15.2m | OK
  [247/1152] N=180 r=20 G=1.5 | cov=92.8% dm=15.9m | OK
  [248/1152] N=180 r=20 G=2.0 | cov=78.4% dm=19.9m | OK
  [249/1152] N=360 r=20 G=1.1 | cov=92.0% dm=14.6m | OK
  [250/1152] N=360 r=20 G=1.25 | cov=92.2% dm=15.2m | OK
  [251/1152] N=360 r=20 G=1.5 | cov=92.8% dm=15.7m | OK
  [252/1152] N=360 r=20 G=2.0 | cov=81.0% dm=18.6m | OK

=== 023/circular b5 | 5 trips | 16,267 pings ===
  [253/1152] N=90 r=5 G=1.1 | cov=92.0% dm=37.4m | OK
  [254/1152] N=90 r=5 G=1.25 | cov=92.8% dm=37.1m | OK
  [255/1152] N=90 r=5 G=1.5 | cov=92.4% dm=38.7m | OK
  [256/1152] N=90 r=5 G=2.0 | cov=83.1% dm=43.2m | OK
  [257/1152] N=180 r=5 G=1.1 | cov=92.1% dm=37.3m | OK
  [258/1152] N=180 r=5 G=1.25 | cov=93.0% dm=38.0m | OK
  [259/1152] N=180 r=5 G=1.5 | cov=92.4% dm=38.7m | OK
  [260/1152] N=180 r=5 G=2.0 | cov=86.7% dm=39.6m | OK
  [261/1152] N=360 r=5 G=1.1 | cov=92.9% dm=36.0m | OK
  [262/1152] N=360 r=5 G=1.25 | cov=92.7% dm=37.2m | OK
  [263/1152] N=360 r=5 G=1.5 | cov=92.5% dm=38.7m | OK
  [264/1152] N=360 r=5 G=2.0 | cov=84.0% dm=42.6m | OK
  [265/1152] N=90 r=10 G=1.1 | cov=91.9% dm=38.1m | OK
  [266/1152] N=90 r=10 G=1.25 | cov=92.8% dm=38.1m | OK
  [267/1152] N=90 r=10 G=1.5 | cov=92.8% dm=37.7m | OK
  [268/1152] N=90 r=10 G=2.0 | cov=84.4% dm=40.1m | OK
  [269/1152] N=180 r=10 G=1.1 | cov=91.4% dm=38.4m | OK
  [270/1152] N=180 r=10 G=1.25 | cov=92.5% dm=38.1m | OK
  [271/1152] N=180 r=10 G=1.5 | cov=93.1% dm=35.9m | OK
  [272/1152] N=180 r=10 G=2.0 | cov=84.3% dm=40.0m | OK
  [273/1152] N=360 r=10 G=1.1 | cov=91.8% dm=38.2m | OK
  [274/1152] N=360 r=10 G=1.25 | cov=92.9% dm=37.0m | OK
  [275/1152] N=360 r=10 G=1.5 | cov=93.4% dm=35.7m | OK
  [276/1152] N=360 r=10 G=2.0 | cov=85.6% dm=41.8m | OK
  [277/1152] N=90 r=20 G=1.1 | cov=91.8% dm=38.7m | OK
  [278/1152] N=90 r=20 G=1.25 | cov=92.1% dm=38.5m | OK
  [279/1152] N=90 r=20 G=1.5 | cov=91.7% dm=39.3m | OK
  [280/1152] N=90 r=20 G=2.0 | cov=84.0% dm=40.2m | OK
  [281/1152] N=180 r=20 G=1.1 | cov=91.5% dm=38.7m | OK
  [282/1152] N=180 r=20 G=1.25 | cov=91.8% dm=39.1m | OK
  [283/1152] N=180 r=20 G=1.5 | cov=91.7% dm=39.4m | OK
  [284/1152] N=180 r=20 G=2.0 | cov=84.9% dm=39.7m | passos_sem_dad
  [285/1152] N=360 r=20 G=1.1 | cov=91.4% dm=38.8m | OK
  [286/1152] N=360 r=20 G=1.25 | cov=91.6% dm=39.4m | OK
  [287/1152] N=360 r=20 G=1.5 | cov=91.6% dm=43.8m | OK
  [288/1152] N=360 r=20 G=2.0 | cov=84.6% dm=42.4m | passos_sem_dad

=== 303/ida | 6 trips | 3,870 pings ===
  [289/1152] N=90 r=5 G=1.1 | cov=86.7% dm=30.2m | OK
  [290/1152] N=90 r=5 G=1.25 | cov=88.6% dm=29.9m | OK
  [291/1152] N=90 r=5 G=1.5 | cov=87.8% dm=32.1m | OK
  [292/1152] N=90 r=5 G=2.0 | cov=64.8% dm=39.5m | OK
  [293/1152] N=180 r=5 G=1.1 | cov=88.2% dm=30.0m | OK
  [294/1152] N=180 r=5 G=1.25 | cov=88.6% dm=29.7m | OK
  [295/1152] N=180 r=5 G=1.5 | cov=88.3% dm=28.5m | OK
  [296/1152] N=180 r=5 G=2.0 | cov=9.8% dm=5387.9m | passos_sem_dad
  [297/1152] N=360 r=5 G=1.1 | cov=88.1% dm=29.9m | OK
  [298/1152] N=360 r=5 G=1.25 | cov=88.7% dm=29.6m | OK
  [299/1152] N=360 r=5 G=1.5 | cov=88.6% dm=28.7m | OK
  [300/1152] N=360 r=5 G=2.0 | cov=9.8% dm=5388.1m | passos_sem_dad
  [301/1152] N=90 r=10 G=1.1 | cov=88.2% dm=30.2m | OK
  [302/1152] N=90 r=10 G=1.25 | cov=88.9% dm=29.7m | OK
  [303/1152] N=90 r=10 G=1.5 | cov=89.1% dm=29.8m | OK
  [304/1152] N=90 r=10 G=2.0 | cov=9.6% dm=5389.7m | passos_sem_dad
  [305/1152] N=180 r=10 G=1.1 | cov=86.0% dm=31.0m | OK
  [306/1152] N=180 r=10 G=1.25 | cov=88.2% dm=30.3m | OK
  [307/1152] N=180 r=10 G=1.5 | cov=87.8% dm=32.9m | OK
  [308/1152] N=180 r=10 G=2.0 | cov=9.8% dm=5388.8m | passos_sem_dad
  [309/1152] N=360 r=10 G=1.1 | cov=88.6% dm=29.7m | OK
  [310/1152] N=360 r=10 G=1.25 | cov=88.2% dm=31.1m | OK
  [311/1152] N=360 r=10 G=1.5 | cov=88.3% dm=31.2m | OK
  [312/1152] N=360 r=10 G=2.0 | cov=9.8% dm=5386.9m | passos_sem_dad
  [313/1152] N=90 r=20 G=1.1 | cov=87.9% dm=29.7m | OK
  [314/1152] N=90 r=20 G=1.25 | cov=88.3% dm=30.6m | OK
  [315/1152] N=90 r=20 G=1.5 | cov=88.3% dm=29.8m | OK
  [316/1152] N=90 r=20 G=2.0 | cov=8.6% dm=5390.5m | passos_sem_dad
  [317/1152] N=180 r=20 G=1.1 | cov=86.9% dm=30.2m | OK
  [318/1152] N=180 r=20 G=1.25 | cov=88.9% dm=29.6m | OK
  [319/1152] N=180 r=20 G=1.5 | cov=87.9% dm=30.0m | OK
  [320/1152] N=180 r=20 G=2.0 | cov=71.7% dm=35.2m | OK
  [321/1152] N=360 r=20 G=1.1 | cov=87.9% dm=29.3m | OK
  [322/1152] N=360 r=20 G=1.25 | cov=88.5% dm=30.2m | OK
  [323/1152] N=360 r=20 G=1.5 | cov=88.4% dm=30.0m | OK
  [324/1152] N=360 r=20 G=2.0 | cov=64.5% dm=38.7m | OK

=== 303/volta | 3 trips | 3,267 pings ===
  [325/1152] N=90 r=5 G=1.1 | cov=91.5% dm=11.8m | OK
  [326/1152] N=90 r=5 G=1.25 | cov=91.2% dm=11.5m | OK
  [327/1152] N=90 r=5 G=1.5 | cov=91.2% dm=11.2m | OK
  [328/1152] N=90 r=5 G=2.0 | cov=76.0% dm=14.3m | OK
  [329/1152] N=180 r=5 G=1.1 | cov=91.9% dm=11.6m | OK
  [330/1152] N=180 r=5 G=1.25 | cov=91.4% dm=11.6m | OK
  [331/1152] N=180 r=5 G=1.5 | cov=91.2% dm=11.3m | OK
  [332/1152] N=180 r=5 G=2.0 | cov=80.3% dm=13.2m | OK
  [333/1152] N=360 r=5 G=1.1 | cov=91.7% dm=11.6m | OK
  [334/1152] N=360 r=5 G=1.25 | cov=90.8% dm=11.5m | OK
  [335/1152] N=360 r=5 G=1.5 | cov=90.8% dm=11.4m | OK
  [336/1152] N=360 r=5 G=2.0 | cov=78.1% dm=12.6m | OK
  [337/1152] N=90 r=10 G=1.1 | cov=91.4% dm=11.7m | OK
  [338/1152] N=90 r=10 G=1.25 | cov=90.5% dm=11.5m | OK
  [339/1152] N=90 r=10 G=1.5 | cov=92.2% dm=11.5m | OK
  [340/1152] N=90 r=10 G=2.0 | cov=77.0% dm=13.9m | OK
  [341/1152] N=180 r=10 G=1.1 | cov=91.4% dm=11.6m | OK
  [342/1152] N=180 r=10 G=1.25 | cov=91.2% dm=11.5m | OK
  [343/1152] N=180 r=10 G=1.5 | cov=92.0% dm=11.5m | OK
  [344/1152] N=180 r=10 G=2.0 | cov=80.0% dm=12.8m | OK
  [345/1152] N=360 r=10 G=1.1 | cov=91.5% dm=11.8m | OK
  [346/1152] N=360 r=10 G=1.25 | cov=90.8% dm=11.5m | OK
  [347/1152] N=360 r=10 G=1.5 | cov=92.0% dm=11.1m | OK
  [348/1152] N=360 r=10 G=2.0 | cov=80.8% dm=14.1m | OK
  [349/1152] N=90 r=20 G=1.1 | cov=90.0% dm=12.3m | OK
  [350/1152] N=90 r=20 G=1.25 | cov=91.8% dm=11.9m | OK
  [351/1152] N=90 r=20 G=1.5 | cov=89.8% dm=11.9m | OK
  [352/1152] N=90 r=20 G=2.0 | cov=76.1% dm=14.5m | OK
  [353/1152] N=180 r=20 G=1.1 | cov=89.6% dm=11.8m | OK
  [354/1152] N=180 r=20 G=1.25 | cov=92.1% dm=10.8m | OK
  [355/1152] N=180 r=20 G=1.5 | cov=89.7% dm=12.2m | OK
  [356/1152] N=180 r=20 G=2.0 | cov=78.7% dm=13.8m | OK
  [357/1152] N=360 r=20 G=1.1 | cov=90.0% dm=12.0m | OK
  [358/1152] N=360 r=20 G=1.25 | cov=91.9% dm=10.8m | OK
  [359/1152] N=360 r=20 G=1.5 | cov=90.1% dm=12.3m | OK
  [360/1152] N=360 r=20 G=2.0 | cov=76.2% dm=13.2m | OK

=== 203/ida | 1 trips | 1,553 pings ===
  [361/1152] N=90 r=5 G=1.1 | cov=93.8% dm=14.9m | OK
  [362/1152] N=90 r=5 G=1.25 | cov=94.2% dm=13.9m | OK
  [363/1152] N=90 r=5 G=1.5 | cov=93.4% dm=14.7m | OK
  [364/1152] N=90 r=5 G=2.0 | cov=90.9% dm=14.5m | OK
  [365/1152] N=180 r=5 G=1.1 | cov=93.8% dm=14.9m | OK
  [366/1152] N=180 r=5 G=1.25 | cov=94.1% dm=13.9m | OK
  [367/1152] N=180 r=5 G=1.5 | cov=93.7% dm=14.6m | OK
  [368/1152] N=180 r=5 G=2.0 | cov=87.8% dm=15.6m | OK
  [369/1152] N=360 r=5 G=1.1 | cov=93.9% dm=14.8m | OK
  [370/1152] N=360 r=5 G=1.25 | cov=94.3% dm=13.9m | OK
  [371/1152] N=360 r=5 G=1.5 | cov=93.2% dm=14.7m | OK
  [372/1152] N=360 r=5 G=2.0 | cov=88.6% dm=15.3m | OK
  [373/1152] N=90 r=10 G=1.1 | cov=93.8% dm=15.1m | OK
  [374/1152] N=90 r=10 G=1.25 | cov=93.8% dm=15.1m | OK
  [375/1152] N=90 r=10 G=1.5 | cov=93.6% dm=14.3m | OK
  [376/1152] N=90 r=10 G=2.0 | cov=87.9% dm=15.8m | OK
  [377/1152] N=180 r=10 G=1.1 | cov=94.3% dm=13.8m | OK
  [378/1152] N=180 r=10 G=1.25 | cov=93.7% dm=15.1m | OK
  [379/1152] N=180 r=10 G=1.5 | cov=93.3% dm=14.9m | OK
  [380/1152] N=180 r=10 G=2.0 | cov=90.1% dm=15.0m | OK
  [381/1152] N=360 r=10 G=1.1 | cov=94.7% dm=13.7m | OK
  [382/1152] N=360 r=10 G=1.25 | cov=93.3% dm=15.1m | OK
  [383/1152] N=360 r=10 G=1.5 | cov=93.2% dm=14.8m | OK
  [384/1152] N=360 r=10 G=2.0 | cov=91.2% dm=14.6m | OK
  [385/1152] N=90 r=20 G=1.1 | cov=94.1% dm=14.0m | OK
  [386/1152] N=90 r=20 G=1.25 | cov=93.1% dm=15.2m | OK
  [387/1152] N=90 r=20 G=1.5 | cov=93.2% dm=14.8m | OK
  [388/1152] N=90 r=20 G=2.0 | cov=89.2% dm=15.6m | OK
  [389/1152] N=180 r=20 G=1.1 | cov=94.3% dm=14.0m | OK
  [390/1152] N=180 r=20 G=1.25 | cov=93.8% dm=14.7m | OK
  [391/1152] N=180 r=20 G=1.5 | cov=93.3% dm=14.8m | OK
  [392/1152] N=180 r=20 G=2.0 | cov=88.9% dm=15.6m | OK
  [393/1152] N=360 r=20 G=1.1 | cov=93.6% dm=14.2m | OK
  [394/1152] N=360 r=20 G=1.25 | cov=93.5% dm=14.8m | OK
  [395/1152] N=360 r=20 G=1.5 | cov=93.3% dm=14.9m | OK
  [396/1152] N=360 r=20 G=2.0 | cov=88.1% dm=15.9m | OK

=== 203/volta | 1 trips | 1,647 pings ===
  [397/1152] N=90 r=5 G=1.1 | cov=91.3% dm=7.2m | OK
  [398/1152] N=90 r=5 G=1.25 | cov=92.3% dm=7.2m | OK
  [399/1152] N=90 r=5 G=1.5 | cov=91.9% dm=7.2m | OK
  [400/1152] N=90 r=5 G=2.0 | cov=79.9% dm=10.1m | OK
  [401/1152] N=180 r=5 G=1.1 | cov=91.5% dm=7.2m | OK
  [402/1152] N=180 r=5 G=1.25 | cov=92.8% dm=7.1m | OK
  [403/1152] N=180 r=5 G=1.5 | cov=92.2% dm=7.1m | OK
  [404/1152] N=180 r=5 G=2.0 | cov=81.4% dm=9.9m | OK
  [405/1152] N=360 r=5 G=1.1 | cov=91.4% dm=7.3m | OK
  [406/1152] N=360 r=5 G=1.25 | cov=92.8% dm=7.2m | OK
  [407/1152] N=360 r=5 G=1.5 | cov=92.5% dm=7.2m | OK
  [408/1152] N=360 r=5 G=2.0 | cov=79.7% dm=10.6m | OK
  [409/1152] N=90 r=10 G=1.1 | cov=91.4% dm=7.4m | OK
  [410/1152] N=90 r=10 G=1.25 | cov=92.3% dm=7.2m | OK
  [411/1152] N=90 r=10 G=1.5 | cov=91.7% dm=7.5m | OK
  [412/1152] N=90 r=10 G=2.0 | cov=80.4% dm=10.3m | OK
  [413/1152] N=180 r=10 G=1.1 | cov=91.1% dm=7.6m | OK
  [414/1152] N=180 r=10 G=1.25 | cov=92.8% dm=7.2m | OK
  [415/1152] N=180 r=10 G=1.5 | cov=91.7% dm=7.4m | OK
  [416/1152] N=180 r=10 G=2.0 | cov=80.0% dm=10.3m | OK
  [417/1152] N=360 r=10 G=1.1 | cov=91.8% dm=7.3m | OK
  [418/1152] N=360 r=10 G=1.25 | cov=92.7% dm=7.1m | OK
  [419/1152] N=360 r=10 G=1.5 | cov=92.2% dm=7.3m | OK
  [420/1152] N=360 r=10 G=2.0 | cov=82.4% dm=9.6m | OK
  [421/1152] N=90 r=20 G=1.1 | cov=90.8% dm=7.6m | OK
  [422/1152] N=90 r=20 G=1.25 | cov=91.2% dm=7.5m | OK
  [423/1152] N=90 r=20 G=1.5 | cov=90.8% dm=7.4m | OK
  [424/1152] N=90 r=20 G=2.0 | cov=82.3% dm=10.2m | OK
  [425/1152] N=180 r=20 G=1.1 | cov=90.8% dm=7.6m | OK
  [426/1152] N=180 r=20 G=1.25 | cov=91.1% dm=7.4m | OK
  [427/1152] N=180 r=20 G=1.5 | cov=91.3% dm=7.5m | OK
  [428/1152] N=180 r=20 G=2.0 | cov=81.4% dm=9.8m | OK
  [429/1152] N=360 r=20 G=1.1 | cov=90.9% dm=7.6m | OK
  [430/1152] N=360 r=20 G=1.25 | cov=91.2% dm=7.4m | OK
  [431/1152] N=360 r=20 G=1.5 | cov=91.6% dm=7.4m | OK
  [432/1152] N=360 r=20 G=2.0 | cov=83.2% dm=9.5m | OK
[valida] 603/ida: 1 trips descartadas

=== 603/ida | 3 trips | 2,308 pings ===
  [433/1152] N=90 r=5 G=1.1 | cov=93.5% dm=41.0m | OK
  [434/1152] N=90 r=5 G=1.25 | cov=93.6% dm=41.0m | OK
  [435/1152] N=90 r=5 G=1.5 | cov=93.1% dm=42.3m | OK
  [436/1152] N=90 r=5 G=2.0 | cov=91.6% dm=41.9m | OK
  [437/1152] N=180 r=5 G=1.1 | cov=93.5% dm=41.1m | OK
  [438/1152] N=180 r=5 G=1.25 | cov=94.0% dm=41.0m | OK
  [439/1152] N=180 r=5 G=1.5 | cov=92.9% dm=42.3m | OK
  [440/1152] N=180 r=5 G=2.0 | cov=87.5% dm=43.6m | OK
  [441/1152] N=360 r=5 G=1.1 | cov=93.7% dm=41.0m | OK
  [442/1152] N=360 r=5 G=1.25 | cov=93.9% dm=40.9m | OK
  [443/1152] N=360 r=5 G=1.5 | cov=93.3% dm=42.5m | OK
  [444/1152] N=360 r=5 G=2.0 | cov=91.7% dm=42.1m | OK
  [445/1152] N=90 r=10 G=1.1 | cov=93.8% dm=41.3m | OK
  [446/1152] N=90 r=10 G=1.25 | cov=93.2% dm=41.4m | OK
  [447/1152] N=90 r=10 G=1.5 | cov=93.5% dm=42.8m | OK
  [448/1152] N=90 r=10 G=2.0 | cov=92.2% dm=42.2m | OK
  [449/1152] N=180 r=10 G=1.1 | cov=93.5% dm=41.4m | OK
  [450/1152] N=180 r=10 G=1.25 | cov=93.2% dm=41.2m | OK
  [451/1152] N=180 r=10 G=1.5 | cov=93.4% dm=42.7m | OK
  [452/1152] N=180 r=10 G=2.0 | cov=91.9% dm=42.2m | OK
  [453/1152] N=360 r=10 G=1.1 | cov=94.1% dm=41.3m | OK
  [454/1152] N=360 r=10 G=1.25 | cov=93.4% dm=41.0m | OK
  [455/1152] N=360 r=10 G=1.5 | cov=93.8% dm=42.1m | OK
  [456/1152] N=360 r=10 G=2.0 | cov=90.5% dm=42.3m | OK
  [457/1152] N=90 r=20 G=1.1 | cov=93.4% dm=41.4m | OK
  [458/1152] N=90 r=20 G=1.25 | cov=93.6% dm=41.5m | OK
  [459/1152] N=90 r=20 G=1.5 | cov=93.3% dm=43.0m | OK
  [460/1152] N=90 r=20 G=2.0 | cov=89.3% dm=42.8m | OK
  [461/1152] N=180 r=20 G=1.1 | cov=93.4% dm=41.6m | OK
  [462/1152] N=180 r=20 G=1.25 | cov=93.2% dm=41.3m | OK
  [463/1152] N=180 r=20 G=1.5 | cov=93.1% dm=43.0m | OK
  [464/1152] N=180 r=20 G=2.0 | cov=88.2% dm=43.2m | OK
  [465/1152] N=360 r=20 G=1.1 | cov=93.7% dm=41.5m | OK
  [466/1152] N=360 r=20 G=1.25 | cov=93.2% dm=41.3m | OK
  [467/1152] N=360 r=20 G=1.5 | cov=92.6% dm=43.1m | OK
  [468/1152] N=360 r=20 G=2.0 | cov=90.8% dm=42.0m | OK

=== 603/volta | 4 trips | 4,056 pings ===
  [469/1152] N=90 r=5 G=1.1 | cov=93.3% dm=7.3m | OK
  [470/1152] N=90 r=5 G=1.25 | cov=93.3% dm=7.4m | OK
  [471/1152] N=90 r=5 G=1.5 | cov=93.4% dm=7.4m | OK
  [472/1152] N=90 r=5 G=2.0 | cov=89.8% dm=8.7m | OK
  [473/1152] N=180 r=5 G=1.1 | cov=93.3% dm=7.2m | OK
  [474/1152] N=180 r=5 G=1.25 | cov=93.4% dm=7.3m | OK
  [475/1152] N=180 r=5 G=1.5 | cov=93.3% dm=7.4m | OK
  [476/1152] N=180 r=5 G=2.0 | cov=89.6% dm=9.0m | OK
  [477/1152] N=360 r=5 G=1.1 | cov=93.5% dm=7.2m | OK
  [478/1152] N=360 r=5 G=1.25 | cov=93.5% dm=7.4m | OK
  [479/1152] N=360 r=5 G=1.5 | cov=93.2% dm=7.4m | OK
  [480/1152] N=360 r=5 G=2.0 | cov=88.8% dm=9.0m | OK
  [481/1152] N=90 r=10 G=1.1 | cov=93.1% dm=7.7m | OK
  [482/1152] N=90 r=10 G=1.25 | cov=93.3% dm=7.5m | OK
  [483/1152] N=90 r=10 G=1.5 | cov=93.0% dm=7.6m | OK
  [484/1152] N=90 r=10 G=2.0 | cov=89.5% dm=9.2m | OK
  [485/1152] N=180 r=10 G=1.1 | cov=93.1% dm=7.7m | OK
  [486/1152] N=180 r=10 G=1.25 | cov=93.3% dm=7.6m | OK
  [487/1152] N=180 r=10 G=1.5 | cov=93.3% dm=7.6m | OK
  [488/1152] N=180 r=10 G=2.0 | cov=89.6% dm=9.1m | OK
  [489/1152] N=360 r=10 G=1.1 | cov=93.1% dm=7.7m | OK
  [490/1152] N=360 r=10 G=1.25 | cov=93.2% dm=7.6m | OK
  [491/1152] N=360 r=10 G=1.5 | cov=93.0% dm=7.6m | OK
  [492/1152] N=360 r=10 G=2.0 | cov=89.4% dm=8.7m | OK
  [493/1152] N=90 r=20 G=1.1 | cov=92.7% dm=8.1m | OK
  [494/1152] N=90 r=20 G=1.25 | cov=92.9% dm=8.0m | OK
  [495/1152] N=90 r=20 G=1.5 | cov=92.9% dm=8.0m | OK
  [496/1152] N=90 r=20 G=2.0 | cov=89.5% dm=9.4m | OK
  [497/1152] N=180 r=20 G=1.1 | cov=92.4% dm=8.1m | OK
  [498/1152] N=180 r=20 G=1.25 | cov=92.9% dm=7.9m | OK
  [499/1152] N=180 r=20 G=1.5 | cov=92.9% dm=8.0m | OK
  [500/1152] N=180 r=20 G=2.0 | cov=89.3% dm=9.2m | OK
  [501/1152] N=360 r=20 G=1.1 | cov=92.9% dm=8.0m | OK
  [502/1152] N=360 r=20 G=1.25 | cov=92.9% dm=7.9m | OK
  [503/1152] N=360 r=20 G=1.5 | cov=92.6% dm=8.1m | OK
  [504/1152] N=360 r=20 G=2.0 | cov=89.1% dm=9.4m | OK

=== 338/ida | 5 trips | 3,536 pings ===
  [505/1152] N=90 r=5 G=1.1 | cov=24.5% dm=1387.6m | passos_sem_dad
  [506/1152] N=90 r=5 G=1.25 | cov=23.6% dm=1380.5m | passos_sem_dad
  [507/1152] N=90 r=5 G=1.5 | cov=24.4% dm=1383.9m | passos_sem_dad
  [508/1152] N=90 r=5 G=2.0 | cov=21.3% dm=1452.5m | passos_sem_dad
  [509/1152] N=180 r=5 G=1.1 | cov=23.2% dm=1422.1m | passos_sem_dad
  [510/1152] N=180 r=5 G=1.25 | cov=23.4% dm=1427.3m | passos_sem_dad
  [511/1152] N=180 r=5 G=1.5 | cov=24.5% dm=1417.9m | passos_sem_dad
  [512/1152] N=180 r=5 G=2.0 | cov=22.4% dm=1382.8m | passos_sem_dad
  [513/1152] N=360 r=5 G=1.1 | cov=23.4% dm=1421.9m | passos_sem_dad
  [514/1152] N=360 r=5 G=1.25 | cov=24.1% dm=1423.9m | passos_sem_dad
  [515/1152] N=360 r=5 G=1.5 | cov=24.6% dm=1362.4m | passos_sem_dad
  [516/1152] N=360 r=5 G=2.0 | cov=22.6% dm=1383.2m | passos_sem_dad
  [517/1152] N=90 r=10 G=1.1 | cov=24.9% dm=1396.1m | passos_sem_dad
  [518/1152] N=90 r=10 G=1.25 | cov=23.3% dm=1363.5m | passos_sem_dad
  [519/1152] N=90 r=10 G=1.5 | cov=23.1% dm=1407.6m | passos_sem_dad
  [520/1152] N=90 r=10 G=2.0 | cov=22.6% dm=1383.7m | passos_sem_dad
  [521/1152] N=180 r=10 G=1.1 | cov=25.1% dm=1395.3m | passos_sem_dad
  [522/1152] N=180 r=10 G=1.25 | cov=23.9% dm=1430.9m | passos_sem_dad
  [523/1152] N=180 r=10 G=1.5 | cov=23.4% dm=1412.8m | passos_sem_dad
  [524/1152] N=180 r=10 G=2.0 | cov=22.6% dm=1456.3m | passos_sem_dad
  [525/1152] N=360 r=10 G=1.1 | cov=23.2% dm=1396.6m | passos_sem_dad
  [526/1152] N=360 r=10 G=1.25 | cov=23.7% dm=1405.5m | passos_sem_dad
  [527/1152] N=360 r=10 G=1.5 | cov=23.4% dm=1405.8m | passos_sem_dad
  [528/1152] N=360 r=10 G=2.0 | cov=22.7% dm=1383.3m | passos_sem_dad
  [529/1152] N=90 r=20 G=1.1 | cov=23.1% dm=1394.7m | passos_sem_dad
  [530/1152] N=90 r=20 G=1.25 | cov=23.1% dm=1434.8m | passos_sem_dad
  [531/1152] N=90 r=20 G=1.5 | cov=23.2% dm=1378.5m | passos_sem_dad
  [532/1152] N=90 r=20 G=2.0 | cov=23.6% dm=1384.3m | passos_sem_dad
  [533/1152] N=180 r=20 G=1.1 | cov=24.0% dm=1424.4m | passos_sem_dad
  [534/1152] N=180 r=20 G=1.25 | cov=22.9% dm=1429.3m | passos_sem_dad
  [535/1152] N=180 r=20 G=1.5 | cov=23.4% dm=1418.9m | passos_sem_dad
  [536/1152] N=180 r=20 G=2.0 | cov=22.3% dm=1383.1m | passos_sem_dad
  [537/1152] N=360 r=20 G=1.1 | cov=24.3% dm=1434.2m | passos_sem_dad
  [538/1152] N=360 r=20 G=1.25 | cov=22.9% dm=1435.0m | passos_sem_dad
  [539/1152] N=360 r=20 G=1.5 | cov=23.2% dm=1427.2m | passos_sem_dad
  [540/1152] N=360 r=20 G=2.0 | cov=22.4% dm=1383.0m | passos_sem_dad

=== 338/volta | 3 trips | 5,181 pings ===
  [541/1152] N=90 r=5 G=1.1 | cov=2.0% dm=2208.9m | passos_sem_dad
  [542/1152] N=90 r=5 G=1.25 | cov=0.2% dm=2146.9m | passos_sem_dad
  [543/1152] N=90 r=5 G=1.5 | cov=3.0% dm=2193.9m | passos_sem_dad
  [544/1152] N=90 r=5 G=2.0 | cov=2.5% dm=2199.0m | passos_sem_dad
  [545/1152] N=180 r=5 G=1.1 | cov=1.0% dm=2206.7m | passos_sem_dad
  [546/1152] N=180 r=5 G=1.25 | cov=1.2% dm=2175.9m | passos_sem_dad
  [547/1152] N=180 r=5 G=1.5 | cov=3.2% dm=2145.2m | passos_sem_dad
  [548/1152] N=180 r=5 G=2.0 | cov=3.3% dm=2199.0m | passos_sem_dad
  [549/1152] N=360 r=5 G=1.1 | cov=1.3% dm=2200.0m | passos_sem_dad
  [550/1152] N=360 r=5 G=1.25 | cov=0.8% dm=2186.2m | passos_sem_dad
  [551/1152] N=360 r=5 G=1.5 | cov=1.7% dm=2191.6m | passos_sem_dad
  [552/1152] N=360 r=5 G=2.0 | cov=3.3% dm=2198.6m | passos_sem_dad
  [553/1152] N=90 r=10 G=1.1 | cov=1.4% dm=2193.4m | passos_sem_dad
  [554/1152] N=90 r=10 G=1.25 | cov=2.5% dm=2173.7m | passos_sem_dad
  [555/1152] N=90 r=10 G=1.5 | cov=2.4% dm=2123.8m | passos_sem_dad
  [556/1152] N=90 r=10 G=2.0 | cov=1.7% dm=2181.0m | passos_sem_dad
  [557/1152] N=180 r=10 G=1.1 | cov=1.4% dm=2193.4m | passos_sem_dad
  [558/1152] N=180 r=10 G=1.25 | cov=2.5% dm=2204.5m | passos_sem_dad
  [559/1152] N=180 r=10 G=1.5 | cov=1.6% dm=2112.6m | passos_sem_dad
  [560/1152] N=180 r=10 G=2.0 | cov=2.0% dm=2193.3m | passos_sem_dad
  [561/1152] N=360 r=10 G=1.1 | cov=33.5% dm=503.1m | limite_comprim
  [562/1152] N=360 r=10 G=1.25 | cov=2.3% dm=2121.1m | passos_sem_dad
  [563/1152] N=360 r=10 G=1.5 | cov=3.0% dm=2179.6m | passos_sem_dad
  [564/1152] N=360 r=10 G=2.0 | cov=1.8% dm=2186.2m | passos_sem_dad
  [565/1152] N=90 r=20 G=1.1 | cov=1.3% dm=2192.8m | passos_sem_dad
  [566/1152] N=90 r=20 G=1.25 | cov=1.8% dm=2164.0m | passos_sem_dad
  [567/1152] N=90 r=20 G=1.5 | cov=2.4% dm=2117.1m | passos_sem_dad
  [568/1152] N=90 r=20 G=2.0 | cov=22.2% dm=624.8m | limite_comprim
  [569/1152] N=180 r=20 G=1.1 | cov=1.7% dm=2195.6m | passos_sem_dad
  [570/1152] N=180 r=20 G=1.25 | cov=1.9% dm=2183.8m | passos_sem_dad
  [571/1152] N=180 r=20 G=1.5 | cov=3.5% dm=2167.3m | passos_sem_dad
  [572/1152] N=180 r=20 G=2.0 | cov=22.2% dm=624.8m | limite_comprim
  [573/1152] N=360 r=20 G=1.1 | cov=1.8% dm=2194.8m | passos_sem_dad
  [574/1152] N=360 r=20 G=1.25 | cov=2.2% dm=2183.4m | passos_sem_dad
  [575/1152] N=360 r=20 G=1.5 | cov=3.0% dm=2210.4m | passos_sem_dad
  [576/1152] N=360 r=20 G=2.0 | cov=21.2% dm=628.7m | limite_comprim

=== 924/ida | 1 trips | 3,487 pings ===
  [577/1152] N=90 r=5 G=1.1 | cov=59.5% dm=520.1m | passos_sem_dad
  [578/1152] N=90 r=5 G=1.25 | cov=61.4% dm=444.5m | passos_sem_dad
  [579/1152] N=90 r=5 G=1.5 | cov=58.6% dm=441.8m | passos_sem_dad
  [580/1152] N=90 r=5 G=2.0 | cov=47.1% dm=456.6m | passos_sem_dad
  [581/1152] N=180 r=5 G=1.1 | cov=60.5% dm=449.6m | passos_sem_dad
  [582/1152] N=180 r=5 G=1.25 | cov=60.3% dm=446.5m | passos_sem_dad
  [583/1152] N=180 r=5 G=1.5 | cov=60.2% dm=449.1m | passos_sem_dad
  [584/1152] N=180 r=5 G=2.0 | cov=45.5% dm=426.7m | passos_sem_dad
  [585/1152] N=360 r=5 G=1.1 | cov=60.2% dm=445.7m | passos_sem_dad
  [586/1152] N=360 r=5 G=1.25 | cov=58.0% dm=450.9m | passos_sem_dad
  [587/1152] N=360 r=5 G=1.5 | cov=61.1% dm=437.0m | passos_sem_dad
  [588/1152] N=360 r=5 G=2.0 | cov=38.8% dm=450.2m | passos_sem_dad
  [589/1152] N=90 r=10 G=1.1 | cov=60.8% dm=458.3m | passos_sem_dad
  [590/1152] N=90 r=10 G=1.25 | cov=60.7% dm=454.6m | passos_sem_dad
  [591/1152] N=90 r=10 G=1.5 | cov=60.1% dm=446.8m | passos_sem_dad
  [592/1152] N=90 r=10 G=2.0 | cov=44.3% dm=536.3m | passos_sem_dad
  [593/1152] N=180 r=10 G=1.1 | cov=59.1% dm=521.8m | passos_sem_dad
  [594/1152] N=180 r=10 G=1.25 | cov=60.9% dm=442.8m | passos_sem_dad
  [595/1152] N=180 r=10 G=1.5 | cov=61.1% dm=449.1m | passos_sem_dad
  [596/1152] N=180 r=10 G=2.0 | cov=44.8% dm=332.6m | passos_sem_dad
  [597/1152] N=360 r=10 G=1.1 | cov=58.4% dm=516.7m | passos_sem_dad
  [598/1152] N=360 r=10 G=1.25 | cov=61.6% dm=442.7m | passos_sem_dad
  [599/1152] N=360 r=10 G=1.5 | cov=61.8% dm=448.9m | passos_sem_dad
  [600/1152] N=360 r=10 G=2.0 | cov=37.2% dm=452.6m | passos_sem_dad
  [601/1152] N=90 r=20 G=1.1 | cov=58.0% dm=515.7m | passos_sem_dad
  [602/1152] N=90 r=20 G=1.25 | cov=60.7% dm=452.1m | passos_sem_dad
  [603/1152] N=90 r=20 G=1.5 | cov=61.5% dm=443.0m | passos_sem_dad
  [604/1152] N=90 r=20 G=2.0 | cov=37.5% dm=335.4m | passos_sem_dad
  [605/1152] N=180 r=20 G=1.1 | cov=59.9% dm=446.4m | passos_sem_dad
  [606/1152] N=180 r=20 G=1.25 | cov=60.1% dm=453.4m | passos_sem_dad
  [607/1152] N=180 r=20 G=1.5 | cov=60.7% dm=448.6m | passos_sem_dad
  [608/1152] N=180 r=20 G=2.0 | cov=41.6% dm=467.9m | passos_sem_dad
  [609/1152] N=360 r=20 G=1.1 | cov=59.7% dm=458.6m | passos_sem_dad
  [610/1152] N=360 r=20 G=1.25 | cov=59.5% dm=455.6m | passos_sem_dad
  [611/1152] N=360 r=20 G=1.5 | cov=62.9% dm=444.0m | passos_sem_dad
  [612/1152] N=360 r=20 G=2.0 | cov=37.5% dm=542.8m | passos_sem_dad

=== 924/volta | 1 trips | 916 pings ===
  [613/1152] N=90 r=5 G=1.1 | cov=5.8% dm=5124.7m | passos_sem_dad
  [614/1152] N=90 r=5 G=1.25 | cov=5.9% dm=5126.1m | passos_sem_dad
  [615/1152] N=90 r=5 G=1.5 | cov=5.9% dm=5118.3m | passos_sem_dad
  [616/1152] N=90 r=5 G=2.0 | cov=5.9% dm=5136.0m | passos_sem_dad
  [617/1152] N=180 r=5 G=1.1 | cov=5.9% dm=5125.0m | passos_sem_dad
  [618/1152] N=180 r=5 G=1.25 | cov=5.9% dm=5126.1m | passos_sem_dad
  [619/1152] N=180 r=5 G=1.5 | cov=5.9% dm=5118.3m | passos_sem_dad
  [620/1152] N=180 r=5 G=2.0 | cov=5.9% dm=5135.9m | passos_sem_dad
  [621/1152] N=360 r=5 G=1.1 | cov=5.9% dm=5124.8m | passos_sem_dad
  [622/1152] N=360 r=5 G=1.25 | cov=5.9% dm=5125.9m | passos_sem_dad
  [623/1152] N=360 r=5 G=1.5 | cov=5.9% dm=5126.5m | passos_sem_dad
  [624/1152] N=360 r=5 G=2.0 | cov=5.9% dm=5136.8m | passos_sem_dad
  [625/1152] N=90 r=10 G=1.1 | cov=8.4% dm=2883.8m | passos_sem_dad
  [626/1152] N=90 r=10 G=1.25 | cov=7.9% dm=3516.4m | passos_sem_dad
  [627/1152] N=90 r=10 G=1.5 | cov=5.8% dm=5120.0m | passos_sem_dad
  [628/1152] N=90 r=10 G=2.0 | cov=5.8% dm=5136.1m | passos_sem_dad
  [629/1152] N=180 r=10 G=1.1 | cov=8.4% dm=2883.8m | passos_sem_dad
  [630/1152] N=180 r=10 G=1.25 | cov=7.9% dm=3516.4m | passos_sem_dad
  [631/1152] N=180 r=10 G=1.5 | cov=5.8% dm=5140.7m | passos_sem_dad
  [632/1152] N=180 r=10 G=2.0 | cov=5.8% dm=5136.4m | passos_sem_dad
  [633/1152] N=360 r=10 G=1.1 | cov=9.2% dm=2458.9m | passos_sem_dad
  [634/1152] N=360 r=10 G=1.25 | cov=7.4% dm=3518.6m | passos_sem_dad
  [635/1152] N=360 r=10 G=1.5 | cov=5.7% dm=5125.0m | passos_sem_dad
  [636/1152] N=360 r=10 G=2.0 | cov=5.8% dm=5136.9m | passos_sem_dad
  [637/1152] N=90 r=20 G=1.1 | cov=5.6% dm=5131.1m | passos_sem_dad
  [638/1152] N=90 r=20 G=1.25 | cov=7.8% dm=2909.8m | passos_sem_dad
  [639/1152] N=90 r=20 G=1.5 | cov=7.0% dm=2890.9m | passos_sem_dad
  [640/1152] N=90 r=20 G=2.0 | cov=5.7% dm=5155.3m | passos_sem_dad
  [641/1152] N=180 r=20 G=1.1 | cov=5.6% dm=5131.1m | passos_sem_dad
  [642/1152] N=180 r=20 G=1.25 | cov=7.8% dm=2909.8m | passos_sem_dad
  [643/1152] N=180 r=20 G=1.5 | cov=7.0% dm=2890.9m | passos_sem_dad
  [644/1152] N=180 r=20 G=2.0 | cov=5.7% dm=5155.1m | passos_sem_dad
  [645/1152] N=360 r=20 G=1.1 | cov=5.6% dm=5131.5m | passos_sem_dad
  [646/1152] N=360 r=20 G=1.25 | cov=9.2% dm=2375.7m | passos_sem_dad
  [647/1152] N=360 r=20 G=1.5 | cov=6.8% dm=2890.2m | passos_sem_dad
  [648/1152] N=360 r=20 G=2.0 | cov=5.7% dm=5155.6m | passos_sem_dad

=== 658/ida | 3 trips | 7,167 pings ===
  [649/1152] N=90 r=5 G=1.1 | cov=51.6% dm=87.0m | OK
  [650/1152] N=90 r=5 G=1.25 | cov=56.1% dm=81.8m | limite_comprim
  [651/1152] N=90 r=5 G=1.5 | cov=54.3% dm=87.6m | limite_comprim
  [652/1152] N=90 r=5 G=2.0 | cov=47.9% dm=77.5m | OK
  [653/1152] N=180 r=5 G=1.1 | cov=49.5% dm=88.8m | OK
  [654/1152] N=180 r=5 G=1.25 | cov=50.6% dm=84.0m | limite_comprim
  [655/1152] N=180 r=5 G=1.5 | cov=49.6% dm=122.9m | limite_comprim
  [656/1152] N=180 r=5 G=2.0 | cov=47.4% dm=77.2m | limite_comprim
  [657/1152] N=360 r=5 G=1.1 | cov=52.0% dm=74.7m | limite_comprim
  [658/1152] N=360 r=5 G=1.25 | cov=52.6% dm=89.3m | limite_comprim
  [659/1152] N=360 r=5 G=1.5 | cov=50.8% dm=124.0m | limite_comprim
  [660/1152] N=360 r=5 G=2.0 | cov=43.6% dm=92.6m | OK
  [661/1152] N=90 r=10 G=1.1 | cov=50.2% dm=74.7m | limite_comprim
  [662/1152] N=90 r=10 G=1.25 | cov=54.2% dm=82.3m | OK
  [663/1152] N=90 r=10 G=1.5 | cov=49.5% dm=96.6m | limite_comprim
  [664/1152] N=90 r=10 G=2.0 | cov=45.3% dm=86.2m | OK
  [665/1152] N=180 r=10 G=1.1 | cov=54.3% dm=79.6m | limite_comprim
  [666/1152] N=180 r=10 G=1.25 | cov=58.1% dm=82.4m | limite_comprim
  [667/1152] N=180 r=10 G=1.5 | cov=55.0% dm=82.3m | limite_comprim
  [668/1152] N=180 r=10 G=2.0 | cov=46.5% dm=82.8m | OK
  [669/1152] N=360 r=10 G=1.1 | cov=53.0% dm=73.2m | OK
  [670/1152] N=360 r=10 G=1.25 | cov=50.8% dm=88.6m | limite_comprim
  [671/1152] N=360 r=10 G=1.5 | cov=53.1% dm=98.7m | limite_comprim
  [672/1152] N=360 r=10 G=2.0 | cov=43.3% dm=98.4m | OK
  [673/1152] N=90 r=20 G=1.1 | cov=52.0% dm=72.5m | OK
  [674/1152] N=90 r=20 G=1.25 | cov=54.3% dm=84.7m | limite_comprim
  [675/1152] N=90 r=20 G=1.5 | cov=54.2% dm=77.6m | OK
  [676/1152] N=90 r=20 G=2.0 | cov=46.7% dm=80.2m | OK
  [677/1152] N=180 r=20 G=1.1 | cov=52.7% dm=93.3m | limite_comprim
  [678/1152] N=180 r=20 G=1.25 | cov=54.7% dm=83.7m | limite_comprim
  [679/1152] N=180 r=20 G=1.5 | cov=57.6% dm=80.4m | limite_comprim
  [680/1152] N=180 r=20 G=2.0 | cov=44.1% dm=87.9m | limite_comprim
  [681/1152] N=360 r=20 G=1.1 | cov=50.7% dm=86.3m | limite_comprim
  [682/1152] N=360 r=20 G=1.25 | cov=53.7% dm=84.6m | limite_comprim
  [683/1152] N=360 r=20 G=1.5 | cov=56.7% dm=81.1m | limite_comprim
  [684/1152] N=360 r=20 G=2.0 | cov=41.9% dm=93.3m | OK

=== 658/volta | 3 trips | 5,051 pings ===
  [685/1152] N=90 r=5 G=1.1 | cov=12.7% dm=1513.7m | passos_sem_dad
  [686/1152] N=90 r=5 G=1.25 | cov=13.9% dm=1503.6m | passos_sem_dad
  [687/1152] N=90 r=5 G=1.5 | cov=46.9% dm=127.5m | OK
  [688/1152] N=90 r=5 G=2.0 | cov=44.3% dm=138.0m | OK
  [689/1152] N=180 r=5 G=1.1 | cov=33.2% dm=329.9m | limite_comprim
  [690/1152] N=180 r=5 G=1.25 | cov=14.3% dm=1485.4m | passos_sem_dad
  [691/1152] N=180 r=5 G=1.5 | cov=30.1% dm=749.1m | limite_comprim
  [692/1152] N=180 r=5 G=2.0 | cov=33.5% dm=215.3m | limite_comprim
  [693/1152] N=360 r=5 G=1.1 | cov=35.3% dm=207.1m | limite_comprim
  [694/1152] N=360 r=5 G=1.25 | cov=39.2% dm=344.8m | limite_comprim
  [695/1152] N=360 r=5 G=1.5 | cov=24.1% dm=986.5m | limite_comprim
  [696/1152] N=360 r=5 G=2.0 | cov=33.6% dm=144.5m | limite_comprim
  [697/1152] N=90 r=10 G=1.1 | cov=21.7% dm=1157.5m | passos_sem_dad
  [698/1152] N=90 r=10 G=1.25 | cov=23.6% dm=973.7m | limite_comprim
  [699/1152] N=90 r=10 G=1.5 | cov=43.7% dm=141.1m | OK
  [700/1152] N=90 r=10 G=2.0 | cov=46.8% dm=68.5m | limite_comprim
  [701/1152] N=180 r=10 G=1.1 | cov=11.8% dm=1488.6m | passos_sem_dad
  [702/1152] N=180 r=10 G=1.25 | cov=14.4% dm=1478.9m | passos_sem_dad
  [703/1152] N=180 r=10 G=1.5 | cov=34.1% dm=660.7m | limite_comprim
  [704/1152] N=180 r=10 G=2.0 | cov=43.7% dm=78.2m | limite_comprim
  [705/1152] N=360 r=10 G=1.1 | cov=35.2% dm=253.2m | limite_comprim
  [706/1152] N=360 r=10 G=1.25 | cov=11.2% dm=1500.4m | passos_sem_dad
  [707/1152] N=360 r=10 G=1.5 | cov=35.3% dm=467.5m | limite_comprim
  [708/1152] N=360 r=10 G=2.0 | cov=40.0% dm=74.5m | limite_comprim
  [709/1152] N=90 r=20 G=1.1 | cov=42.4% dm=148.4m | OK
  [710/1152] N=90 r=20 G=1.25 | cov=34.3% dm=434.8m | limite_comprim
  [711/1152] N=90 r=20 G=1.5 | cov=44.3% dm=131.4m | OK
  [712/1152] N=90 r=20 G=2.0 | cov=44.8% dm=96.6m | limite_comprim
  [713/1152] N=180 r=20 G=1.1 | cov=24.7% dm=607.9m | limite_comprim
  [714/1152] N=180 r=20 G=1.25 | cov=11.6% dm=1502.6m | passos_sem_dad
  [715/1152] N=180 r=20 G=1.5 | cov=31.5% dm=507.6m | limite_comprim
  [716/1152] N=180 r=20 G=2.0 | cov=33.8% dm=146.3m | limite_comprim
  [717/1152] N=360 r=20 G=1.1 | cov=29.5% dm=490.3m | limite_comprim
  [718/1152] N=360 r=20 G=1.25 | cov=12.8% dm=1486.5m | passos_sem_dad
  [719/1152] N=360 r=20 G=1.5 | cov=31.3% dm=468.7m | limite_comprim
  [720/1152] N=360 r=20 G=2.0 | cov=26.9% dm=325.3m | limite_comprim

=== 506/ida | 12 trips | 11,134 pings ===
  [721/1152] N=90 r=5 G=1.1 | cov=89.4% dm=19.7m | OK
  [722/1152] N=90 r=5 G=1.25 | cov=93.1% dm=18.2m | OK
  [723/1152] N=90 r=5 G=1.5 | cov=94.2% dm=17.9m | OK
  [724/1152] N=90 r=5 G=2.0 | cov=89.9% dm=19.8m | OK
  [725/1152] N=180 r=5 G=1.1 | cov=89.7% dm=19.5m | OK
  [726/1152] N=180 r=5 G=1.25 | cov=93.0% dm=18.1m | OK
  [727/1152] N=180 r=5 G=1.5 | cov=94.1% dm=17.8m | OK
  [728/1152] N=180 r=5 G=2.0 | cov=85.5% dm=21.5m | OK
  [729/1152] N=360 r=5 G=1.1 | cov=89.4% dm=19.7m | OK
  [730/1152] N=360 r=5 G=1.25 | cov=93.6% dm=18.0m | OK
  [731/1152] N=360 r=5 G=1.5 | cov=94.4% dm=17.8m | OK
  [732/1152] N=360 r=5 G=2.0 | cov=88.6% dm=20.6m | OK
  [733/1152] N=90 r=10 G=1.1 | cov=89.5% dm=19.8m | OK
  [734/1152] N=90 r=10 G=1.25 | cov=92.7% dm=18.4m | OK
  [735/1152] N=90 r=10 G=1.5 | cov=94.2% dm=18.0m | OK
  [736/1152] N=90 r=10 G=2.0 | cov=89.2% dm=20.0m | OK
  [737/1152] N=180 r=10 G=1.1 | cov=89.6% dm=19.8m | OK
  [738/1152] N=180 r=10 G=1.25 | cov=92.7% dm=18.4m | OK
  [739/1152] N=180 r=10 G=1.5 | cov=94.4% dm=17.9m | OK
  [740/1152] N=180 r=10 G=2.0 | cov=85.9% dm=21.4m | OK
  [741/1152] N=360 r=10 G=1.1 | cov=89.4% dm=19.8m | OK
  [742/1152] N=360 r=10 G=1.25 | cov=92.8% dm=18.3m | OK
  [743/1152] N=360 r=10 G=1.5 | cov=94.4% dm=17.9m | OK
  [744/1152] N=360 r=10 G=2.0 | cov=88.6% dm=20.5m | OK
  [745/1152] N=90 r=20 G=1.1 | cov=88.4% dm=20.9m | OK
  [746/1152] N=90 r=20 G=1.25 | cov=92.0% dm=19.0m | OK
  [747/1152] N=90 r=20 G=1.5 | cov=93.6% dm=18.5m | OK
  [748/1152] N=90 r=20 G=2.0 | cov=87.1% dm=21.4m | OK
  [749/1152] N=180 r=20 G=1.1 | cov=89.1% dm=20.1m | OK
  [750/1152] N=180 r=20 G=1.25 | cov=91.9% dm=19.2m | OK
  [751/1152] N=180 r=20 G=1.5 | cov=93.6% dm=18.5m | OK
  [752/1152] N=180 r=20 G=2.0 | cov=87.4% dm=20.8m | OK
  [753/1152] N=360 r=20 G=1.1 | cov=88.5% dm=21.1m | OK
  [754/1152] N=360 r=20 G=1.25 | cov=92.7% dm=18.7m | OK
  [755/1152] N=360 r=20 G=1.5 | cov=93.0% dm=18.6m | OK
  [756/1152] N=360 r=20 G=2.0 | cov=86.9% dm=21.5m | OK

=== 506/volta | 9 trips | 4,940 pings ===
  [757/1152] N=90 r=5 G=1.1 | cov=92.7% dm=31.9m | OK
  [758/1152] N=90 r=5 G=1.25 | cov=94.2% dm=31.3m | OK
  [759/1152] N=90 r=5 G=1.5 | cov=95.3% dm=31.0m | OK
  [760/1152] N=90 r=5 G=2.0 | cov=87.3% dm=34.6m | OK
  [761/1152] N=180 r=5 G=1.1 | cov=93.3% dm=31.7m | OK
  [762/1152] N=180 r=5 G=1.25 | cov=94.0% dm=31.4m | OK
  [763/1152] N=180 r=5 G=1.5 | cov=95.1% dm=31.0m | OK
  [764/1152] N=180 r=5 G=2.0 | cov=85.8% dm=35.3m | OK
  [765/1152] N=360 r=5 G=1.1 | cov=93.2% dm=31.7m | OK
  [766/1152] N=360 r=5 G=1.25 | cov=94.2% dm=31.3m | OK
  [767/1152] N=360 r=5 G=1.5 | cov=95.1% dm=31.1m | OK
  [768/1152] N=360 r=5 G=2.0 | cov=86.5% dm=34.9m | OK
  [769/1152] N=90 r=10 G=1.1 | cov=92.7% dm=32.0m | OK
  [770/1152] N=90 r=10 G=1.25 | cov=94.9% dm=31.2m | OK
  [771/1152] N=90 r=10 G=1.5 | cov=93.9% dm=31.5m | OK
  [772/1152] N=90 r=10 G=2.0 | cov=86.7% dm=35.0m | OK
  [773/1152] N=180 r=10 G=1.1 | cov=92.9% dm=31.9m | OK
  [774/1152] N=180 r=10 G=1.25 | cov=94.7% dm=31.4m | OK
  [775/1152] N=180 r=10 G=1.5 | cov=93.6% dm=31.7m | OK
  [776/1152] N=180 r=10 G=2.0 | cov=85.4% dm=35.5m | OK
  [777/1152] N=360 r=10 G=1.1 | cov=92.5% dm=32.0m | OK
  [778/1152] N=360 r=10 G=1.25 | cov=94.5% dm=31.4m | OK
  [779/1152] N=360 r=10 G=1.5 | cov=93.7% dm=31.6m | OK
  [780/1152] N=360 r=10 G=2.0 | cov=86.0% dm=35.2m | OK
  [781/1152] N=90 r=20 G=1.1 | cov=92.5% dm=32.7m | OK
  [782/1152] N=90 r=20 G=1.25 | cov=94.6% dm=31.8m | OK
  [783/1152] N=90 r=20 G=1.5 | cov=94.6% dm=31.8m | OK
  [784/1152] N=90 r=20 G=2.0 | cov=87.5% dm=34.8m | OK
  [785/1152] N=180 r=20 G=1.1 | cov=93.1% dm=32.4m | OK
  [786/1152] N=180 r=20 G=1.25 | cov=94.6% dm=31.9m | OK
  [787/1152] N=180 r=20 G=1.5 | cov=94.1% dm=32.0m | OK
  [788/1152] N=180 r=20 G=2.0 | cov=85.8% dm=35.4m | OK
  [789/1152] N=360 r=20 G=1.1 | cov=92.7% dm=32.6m | OK
  [790/1152] N=360 r=20 G=1.25 | cov=94.6% dm=31.9m | OK
  [791/1152] N=360 r=20 G=1.5 | cov=93.8% dm=32.0m | OK
  [792/1152] N=360 r=20 G=2.0 | cov=84.9% dm=35.4m | OK

=== 707/ida | 2 trips | 1,762 pings ===
  [793/1152] N=90 r=5 G=1.1 | cov=30.8% dm=5250.6m | passos_sem_dad
  [794/1152] N=90 r=5 G=1.25 | cov=30.9% dm=5257.7m | passos_sem_dad
  [795/1152] N=90 r=5 G=1.5 | cov=31.7% dm=5242.1m | passos_sem_dad
  [796/1152] N=90 r=5 G=2.0 | cov=26.2% dm=5252.8m | passos_sem_dad
  [797/1152] N=180 r=5 G=1.1 | cov=26.9% dm=5250.8m | passos_sem_dad
  [798/1152] N=180 r=5 G=1.25 | cov=30.4% dm=5257.4m | passos_sem_dad
  [799/1152] N=180 r=5 G=1.5 | cov=32.2% dm=5241.2m | passos_sem_dad
  [800/1152] N=180 r=5 G=2.0 | cov=25.6% dm=5284.5m | passos_sem_dad
  [801/1152] N=360 r=5 G=1.1 | cov=27.2% dm=5251.9m | passos_sem_dad
  [802/1152] N=360 r=5 G=1.25 | cov=32.2% dm=5255.8m | passos_sem_dad
  [803/1152] N=360 r=5 G=1.5 | cov=31.5% dm=5262.0m | passos_sem_dad
  [804/1152] N=360 r=5 G=2.0 | cov=25.0% dm=5280.5m | passos_sem_dad
  [805/1152] N=90 r=10 G=1.1 | cov=29.5% dm=5247.3m | passos_sem_dad
  [806/1152] N=90 r=10 G=1.25 | cov=30.1% dm=5253.0m | passos_sem_dad
  [807/1152] N=90 r=10 G=1.5 | cov=31.1% dm=5240.4m | passos_sem_dad
  [808/1152] N=90 r=10 G=2.0 | cov=21.6% dm=5249.9m | passos_sem_dad
  [809/1152] N=180 r=10 G=1.1 | cov=29.4% dm=5249.3m | passos_sem_dad
  [810/1152] N=180 r=10 G=1.25 | cov=31.6% dm=5251.7m | passos_sem_dad
  [811/1152] N=180 r=10 G=1.5 | cov=29.6% dm=5242.6m | passos_sem_dad
  [812/1152] N=180 r=10 G=2.0 | cov=25.1% dm=5245.4m | passos_sem_dad
  [813/1152] N=360 r=10 G=1.1 | cov=29.6% dm=5249.3m | passos_sem_dad
  [814/1152] N=360 r=10 G=1.25 | cov=31.6% dm=5250.9m | passos_sem_dad
  [815/1152] N=360 r=10 G=1.5 | cov=32.3% dm=5240.1m | passos_sem_dad
  [816/1152] N=360 r=10 G=2.0 | cov=25.0% dm=5283.5m | passos_sem_dad
  [817/1152] N=90 r=20 G=1.1 | cov=29.7% dm=5249.0m | passos_sem_dad
  [818/1152] N=90 r=20 G=1.25 | cov=30.8% dm=5251.3m | passos_sem_dad
  [819/1152] N=90 r=20 G=1.5 | cov=29.6% dm=5252.4m | passos_sem_dad
  [820/1152] N=90 r=20 G=2.0 | cov=19.8% dm=5257.2m | passos_sem_dad
  [821/1152] N=180 r=20 G=1.1 | cov=28.1% dm=5247.7m | passos_sem_dad
  [822/1152] N=180 r=20 G=1.25 | cov=30.5% dm=5246.8m | passos_sem_dad
  [823/1152] N=180 r=20 G=1.5 | cov=30.9% dm=5249.0m | passos_sem_dad
  [824/1152] N=180 r=20 G=2.0 | cov=25.0% dm=5280.4m | passos_sem_dad
  [825/1152] N=360 r=20 G=1.1 | cov=30.7% dm=5247.7m | passos_sem_dad
  [826/1152] N=360 r=20 G=1.25 | cov=30.4% dm=5250.6m | passos_sem_dad
  [827/1152] N=360 r=20 G=1.5 | cov=32.8% dm=5238.3m | passos_sem_dad
  [828/1152] N=360 r=20 G=2.0 | cov=24.8% dm=5283.2m | passos_sem_dad

=== 707/volta | 2 trips | 759 pings ===
  [829/1152] N=90 r=5 G=1.1 | cov=1.8% dm=8480.3m | passos_sem_dad
  [830/1152] N=90 r=5 G=1.25 | cov=1.7% dm=8498.5m | passos_sem_dad
  [831/1152] N=90 r=5 G=1.5 | cov=2.1% dm=8492.1m | passos_sem_dad
  [832/1152] N=90 r=5 G=2.0 | cov=2.1% dm=8483.3m | passos_sem_dad
  [833/1152] N=180 r=5 G=1.1 | cov=1.8% dm=8480.3m | passos_sem_dad
  [834/1152] N=180 r=5 G=1.25 | cov=1.7% dm=8497.9m | passos_sem_dad
  [835/1152] N=180 r=5 G=1.5 | cov=2.1% dm=8492.1m | passos_sem_dad
  [836/1152] N=180 r=5 G=2.0 | cov=2.1% dm=8483.3m | passos_sem_dad
  [837/1152] N=360 r=5 G=1.1 | cov=1.8% dm=8480.4m | passos_sem_dad
  [838/1152] N=360 r=5 G=1.25 | cov=1.7% dm=8497.4m | passos_sem_dad
  [839/1152] N=360 r=5 G=1.5 | cov=2.2% dm=8479.8m | passos_sem_dad
  [840/1152] N=360 r=5 G=2.0 | cov=2.4% dm=8488.1m | passos_sem_dad
  [841/1152] N=90 r=10 G=1.1 | cov=2.2% dm=8501.8m | passos_sem_dad
  [842/1152] N=90 r=10 G=1.25 | cov=1.8% dm=8496.1m | passos_sem_dad
  [843/1152] N=90 r=10 G=1.5 | cov=1.8% dm=8466.0m | passos_sem_dad
  [844/1152] N=90 r=10 G=2.0 | cov=2.1% dm=8480.4m | passos_sem_dad
  [845/1152] N=180 r=10 G=1.1 | cov=2.5% dm=8495.4m | passos_sem_dad
  [846/1152] N=180 r=10 G=1.25 | cov=1.8% dm=8495.4m | passos_sem_dad
  [847/1152] N=180 r=10 G=1.5 | cov=1.8% dm=8466.0m | passos_sem_dad
  [848/1152] N=180 r=10 G=2.0 | cov=2.1% dm=8480.4m | passos_sem_dad
  [849/1152] N=360 r=10 G=1.1 | cov=2.6% dm=8495.2m | passos_sem_dad
  [850/1152] N=360 r=10 G=1.25 | cov=1.8% dm=8495.2m | passos_sem_dad
  [851/1152] N=360 r=10 G=1.5 | cov=1.6% dm=8466.2m | passos_sem_dad
  [852/1152] N=360 r=10 G=2.0 | cov=2.1% dm=8480.3m | passos_sem_dad
  [853/1152] N=90 r=20 G=1.1 | cov=2.2% dm=8472.5m | passos_sem_dad
  [854/1152] N=90 r=20 G=1.25 | cov=1.6% dm=8501.8m | passos_sem_dad
  [855/1152] N=90 r=20 G=1.5 | cov=1.3% dm=8491.2m | passos_sem_dad
  [856/1152] N=90 r=20 G=2.0 | cov=1.6% dm=8505.5m | passos_sem_dad
  [857/1152] N=180 r=20 G=1.1 | cov=2.8% dm=8471.2m | passos_sem_dad
  [858/1152] N=180 r=20 G=1.25 | cov=1.3% dm=8502.8m | passos_sem_dad
  [859/1152] N=180 r=20 G=1.5 | cov=1.7% dm=8488.8m | passos_sem_dad
  [860/1152] N=180 r=20 G=2.0 | cov=1.4% dm=8505.6m | passos_sem_dad
  [861/1152] N=360 r=20 G=1.1 | cov=1.8% dm=8492.3m | passos_sem_dad
  [862/1152] N=360 r=20 G=1.25 | cov=1.3% dm=8503.1m | passos_sem_dad
  [863/1152] N=360 r=20 G=1.5 | cov=1.3% dm=8505.9m | passos_sem_dad
  [864/1152] N=360 r=20 G=2.0 | cov=1.4% dm=8505.7m | passos_sem_dad

=== 505/ida | 5 trips | 3,102 pings ===
  [865/1152] N=90 r=5 G=1.1 | cov=85.4% dm=53.9m | OK
  [866/1152] N=90 r=5 G=1.25 | cov=85.5% dm=54.1m | OK
  [867/1152] N=90 r=5 G=1.5 | cov=85.7% dm=54.1m | OK
  [868/1152] N=90 r=5 G=2.0 | cov=79.1% dm=57.0m | passos_sem_dad
  [869/1152] N=180 r=5 G=1.1 | cov=85.4% dm=54.0m | OK
  [870/1152] N=180 r=5 G=1.25 | cov=85.4% dm=54.1m | OK
  [871/1152] N=180 r=5 G=1.5 | cov=85.6% dm=54.0m | OK
  [872/1152] N=180 r=5 G=2.0 | cov=77.9% dm=56.4m | OK
  [873/1152] N=360 r=5 G=1.1 | cov=85.3% dm=54.1m | OK
  [874/1152] N=360 r=5 G=1.25 | cov=85.5% dm=54.1m | OK
  [875/1152] N=360 r=5 G=1.5 | cov=85.5% dm=54.0m | OK
  [876/1152] N=360 r=5 G=2.0 | cov=76.9% dm=56.7m | OK
  [877/1152] N=90 r=10 G=1.1 | cov=85.2% dm=54.4m | OK
  [878/1152] N=90 r=10 G=1.25 | cov=85.2% dm=54.5m | OK
  [879/1152] N=90 r=10 G=1.5 | cov=85.6% dm=54.2m | OK
  [880/1152] N=90 r=10 G=2.0 | cov=78.1% dm=56.8m | OK
  [881/1152] N=180 r=10 G=1.1 | cov=85.5% dm=54.2m | OK
  [882/1152] N=180 r=10 G=1.25 | cov=85.4% dm=54.4m | OK
  [883/1152] N=180 r=10 G=1.5 | cov=85.0% dm=54.6m | OK
  [884/1152] N=180 r=10 G=2.0 | cov=76.2% dm=58.5m | passos_sem_dad
  [885/1152] N=360 r=10 G=1.1 | cov=85.3% dm=54.3m | OK
  [886/1152] N=360 r=10 G=1.25 | cov=85.4% dm=54.4m | OK
  [887/1152] N=360 r=10 G=1.5 | cov=85.6% dm=54.2m | OK
  [888/1152] N=360 r=10 G=2.0 | cov=78.1% dm=56.4m | OK
  [889/1152] N=90 r=20 G=1.1 | cov=84.8% dm=55.0m | OK
  [890/1152] N=90 r=20 G=1.25 | cov=85.0% dm=55.3m | OK
  [891/1152] N=90 r=20 G=1.5 | cov=84.9% dm=55.1m | OK
  [892/1152] N=90 r=20 G=2.0 | cov=79.6% dm=56.8m | OK
  [893/1152] N=180 r=20 G=1.1 | cov=85.1% dm=54.8m | OK
  [894/1152] N=180 r=20 G=1.25 | cov=84.8% dm=55.0m | OK
  [895/1152] N=180 r=20 G=1.5 | cov=84.7% dm=55.2m | OK
  [896/1152] N=180 r=20 G=2.0 | cov=76.0% dm=58.8m | passos_sem_dad
  [897/1152] N=360 r=20 G=1.1 | cov=85.0% dm=55.0m | OK
  [898/1152] N=360 r=20 G=1.25 | cov=85.0% dm=55.2m | OK
  [899/1152] N=360 r=20 G=1.5 | cov=84.6% dm=55.0m | OK
  [900/1152] N=360 r=20 G=2.0 | cov=77.2% dm=57.0m | OK

=== 505/volta | 3 trips | 1,754 pings ===
  [901/1152] N=90 r=5 G=1.1 | cov=84.4% dm=12.6m | passos_sem_dad
  [902/1152] N=90 r=5 G=1.25 | cov=86.8% dm=12.1m | passos_sem_dad
  [903/1152] N=90 r=5 G=1.5 | cov=86.3% dm=12.3m | passos_sem_dad
  [904/1152] N=90 r=5 G=2.0 | cov=75.3% dm=17.1m | passos_sem_dad
  [905/1152] N=180 r=5 G=1.1 | cov=80.8% dm=13.6m | passos_sem_dad
  [906/1152] N=180 r=5 G=1.25 | cov=87.9% dm=11.5m | passos_sem_dad
  [907/1152] N=180 r=5 G=1.5 | cov=86.8% dm=11.6m | passos_sem_dad
  [908/1152] N=180 r=5 G=2.0 | cov=74.6% dm=20.0m | passos_sem_dad
  [909/1152] N=360 r=5 G=1.1 | cov=84.2% dm=12.3m | passos_sem_dad
  [910/1152] N=360 r=5 G=1.25 | cov=86.5% dm=12.5m | passos_sem_dad
  [911/1152] N=360 r=5 G=1.5 | cov=86.3% dm=12.4m | passos_sem_dad
  [912/1152] N=360 r=5 G=2.0 | cov=78.2% dm=14.7m | OK
  [913/1152] N=90 r=10 G=1.1 | cov=85.3% dm=12.6m | passos_sem_dad
  [914/1152] N=90 r=10 G=1.25 | cov=88.1% dm=11.6m | passos_sem_dad
  [915/1152] N=90 r=10 G=1.5 | cov=89.5% dm=11.2m | passos_sem_dad
  [916/1152] N=90 r=10 G=2.0 | cov=77.9% dm=16.5m | passos_sem_dad
  [917/1152] N=180 r=10 G=1.1 | cov=81.8% dm=13.4m | passos_sem_dad
  [918/1152] N=180 r=10 G=1.25 | cov=87.7% dm=12.0m | passos_sem_dad
  [919/1152] N=180 r=10 G=1.5 | cov=88.8% dm=12.3m | passos_sem_dad
  [920/1152] N=180 r=10 G=2.0 | cov=68.0% dm=19.4m | passos_sem_dad
  [921/1152] N=360 r=10 G=1.1 | cov=85.2% dm=12.4m | OK
  [922/1152] N=360 r=10 G=1.25 | cov=88.1% dm=12.0m | passos_sem_dad
  [923/1152] N=360 r=10 G=1.5 | cov=86.9% dm=12.1m | passos_sem_dad
  [924/1152] N=360 r=10 G=2.0 | cov=78.1% dm=15.0m | passos_sem_dad
  [925/1152] N=90 r=20 G=1.1 | cov=85.3% dm=12.7m | passos_sem_dad
  [926/1152] N=90 r=20 G=1.25 | cov=87.3% dm=12.3m | passos_sem_dad
  [927/1152] N=90 r=20 G=1.5 | cov=89.5% dm=11.7m | passos_sem_dad
  [928/1152] N=90 r=20 G=2.0 | cov=71.8% dm=19.5m | passos_sem_dad
  [929/1152] N=180 r=20 G=1.1 | cov=82.7% dm=13.1m | passos_sem_dad
  [930/1152] N=180 r=20 G=1.25 | cov=88.0% dm=12.2m | passos_sem_dad
  [931/1152] N=180 r=20 G=1.5 | cov=89.5% dm=11.6m | passos_sem_dad
  [932/1152] N=180 r=20 G=2.0 | cov=74.5% dm=17.1m | passos_sem_dad
  [933/1152] N=360 r=20 G=1.1 | cov=82.4% dm=13.4m | passos_sem_dad
  [934/1152] N=360 r=20 G=1.25 | cov=86.7% dm=12.8m | passos_sem_dad
  [935/1152] N=360 r=20 G=1.5 | cov=88.9% dm=12.0m | passos_sem_dad
  [936/1152] N=360 r=20 G=2.0 | cov=74.3% dm=20.5m | passos_sem_dad

=== 545/ida | 4 trips | 4,959 pings ===
  [937/1152] N=90 r=5 G=1.1 | cov=4.7% dm=5633.3m | passos_sem_dad
  [938/1152] N=90 r=5 G=1.25 | cov=4.7% dm=5646.8m | passos_sem_dad
  [939/1152] N=90 r=5 G=1.5 | cov=4.7% dm=5618.0m | passos_sem_dad
  [940/1152] N=90 r=5 G=2.0 | cov=4.5% dm=5655.0m | passos_sem_dad
  [941/1152] N=180 r=5 G=1.1 | cov=4.7% dm=5545.8m | passos_sem_dad
  [942/1152] N=180 r=5 G=1.25 | cov=4.7% dm=5646.4m | passos_sem_dad
  [943/1152] N=180 r=5 G=1.5 | cov=4.7% dm=5613.8m | passos_sem_dad
  [944/1152] N=180 r=5 G=2.0 | cov=4.7% dm=5571.4m | passos_sem_dad
  [945/1152] N=360 r=5 G=1.1 | cov=4.7% dm=5650.0m | passos_sem_dad
  [946/1152] N=360 r=5 G=1.25 | cov=4.7% dm=5646.9m | passos_sem_dad
  [947/1152] N=360 r=5 G=1.5 | cov=4.7% dm=5613.3m | passos_sem_dad
  [948/1152] N=360 r=5 G=2.0 | cov=4.7% dm=5612.2m | passos_sem_dad
  [949/1152] N=90 r=10 G=1.1 | cov=4.6% dm=5649.7m | passos_sem_dad
  [950/1152] N=90 r=10 G=1.25 | cov=4.6% dm=5642.5m | passos_sem_dad
  [951/1152] N=90 r=10 G=1.5 | cov=4.6% dm=5604.2m | passos_sem_dad
  [952/1152] N=90 r=10 G=2.0 | cov=4.6% dm=5652.2m | passos_sem_dad
  [953/1152] N=180 r=10 G=1.1 | cov=4.6% dm=5623.4m | passos_sem_dad
  [954/1152] N=180 r=10 G=1.25 | cov=4.6% dm=5645.9m | passos_sem_dad
  [955/1152] N=180 r=10 G=1.5 | cov=4.6% dm=5530.5m | passos_sem_dad
  [956/1152] N=180 r=10 G=2.0 | cov=4.6% dm=5651.3m | passos_sem_dad
  [957/1152] N=360 r=10 G=1.1 | cov=4.6% dm=5645.5m | passos_sem_dad
  [958/1152] N=360 r=10 G=1.25 | cov=4.6% dm=5645.9m | passos_sem_dad
  [959/1152] N=360 r=10 G=1.5 | cov=4.6% dm=5597.0m | passos_sem_dad
  [960/1152] N=360 r=10 G=2.0 | cov=4.6% dm=5642.0m | passos_sem_dad
  [961/1152] N=90 r=20 G=1.1 | cov=4.4% dm=5650.8m | passos_sem_dad
  [962/1152] N=90 r=20 G=1.25 | cov=4.3% dm=5647.2m | passos_sem_dad
  [963/1152] N=90 r=20 G=1.5 | cov=4.4% dm=5646.8m | passos_sem_dad
  [964/1152] N=90 r=20 G=2.0 | cov=4.2% dm=5655.1m | passos_sem_dad
  [965/1152] N=180 r=20 G=1.1 | cov=4.4% dm=5623.1m | passos_sem_dad
  [966/1152] N=180 r=20 G=1.25 | cov=4.3% dm=5650.6m | passos_sem_dad
  [967/1152] N=180 r=20 G=1.5 | cov=4.4% dm=5601.6m | passos_sem_dad
  [968/1152] N=180 r=20 G=2.0 | cov=4.4% dm=5652.3m | passos_sem_dad
  [969/1152] N=360 r=20 G=1.1 | cov=4.4% dm=5650.9m | passos_sem_dad
  [970/1152] N=360 r=20 G=1.25 | cov=4.3% dm=5630.2m | passos_sem_dad
  [971/1152] N=360 r=20 G=1.5 | cov=4.3% dm=5639.5m | passos_sem_dad
  [972/1152] N=360 r=20 G=2.0 | cov=4.4% dm=5649.5m | passos_sem_dad

=== 545/volta | 6 trips | 10,493 pings ===
  [973/1152] N=90 r=5 G=1.1 | cov=42.2% dm=2042.8m | passos_sem_dad
  [974/1152] N=90 r=5 G=1.25 | cov=42.6% dm=2042.8m | passos_sem_dad
  [975/1152] N=90 r=5 G=1.5 | cov=42.6% dm=2045.0m | passos_sem_dad
  [976/1152] N=90 r=5 G=2.0 | cov=37.8% dm=2050.7m | passos_sem_dad
  [977/1152] N=180 r=5 G=1.1 | cov=43.0% dm=2044.5m | passos_sem_dad
  [978/1152] N=180 r=5 G=1.25 | cov=42.6% dm=2043.1m | passos_sem_dad
  [979/1152] N=180 r=5 G=1.5 | cov=42.3% dm=2038.8m | passos_sem_dad
  [980/1152] N=180 r=5 G=2.0 | cov=39.6% dm=2059.2m | passos_sem_dad
  [981/1152] N=360 r=5 G=1.1 | cov=41.8% dm=2044.1m | passos_sem_dad
  [982/1152] N=360 r=5 G=1.25 | cov=41.8% dm=2043.0m | passos_sem_dad
  [983/1152] N=360 r=5 G=1.5 | cov=42.1% dm=2041.7m | passos_sem_dad
  [984/1152] N=360 r=5 G=2.0 | cov=42.4% dm=2050.6m | passos_sem_dad
  [985/1152] N=90 r=10 G=1.1 | cov=42.4% dm=2044.8m | passos_sem_dad
  [986/1152] N=90 r=10 G=1.25 | cov=41.5% dm=2044.1m | passos_sem_dad
  [987/1152] N=90 r=10 G=1.5 | cov=43.4% dm=2042.8m | passos_sem_dad
  [988/1152] N=90 r=10 G=2.0 | cov=37.6% dm=2059.8m | passos_sem_dad
  [989/1152] N=180 r=10 G=1.1 | cov=42.4% dm=2042.2m | passos_sem_dad
  [990/1152] N=180 r=10 G=1.25 | cov=41.7% dm=2043.6m | passos_sem_dad
  [991/1152] N=180 r=10 G=1.5 | cov=42.9% dm=2043.0m | passos_sem_dad
  [992/1152] N=180 r=10 G=2.0 | cov=36.8% dm=2052.6m | passos_sem_dad
  [993/1152] N=360 r=10 G=1.1 | cov=42.4% dm=2039.4m | passos_sem_dad
  [994/1152] N=360 r=10 G=1.25 | cov=41.7% dm=2043.5m | passos_sem_dad
  [995/1152] N=360 r=10 G=1.5 | cov=42.9% dm=2042.9m | passos_sem_dad
  [996/1152] N=360 r=10 G=2.0 | cov=37.0% dm=2052.9m | passos_sem_dad
  [997/1152] N=90 r=20 G=1.1 | cov=42.0% dm=2044.3m | passos_sem_dad
  [998/1152] N=90 r=20 G=1.25 | cov=41.4% dm=2043.8m | passos_sem_dad
  [999/1152] N=90 r=20 G=1.5 | cov=42.7% dm=2042.2m | passos_sem_dad
  [1000/1152] N=90 r=20 G=2.0 | cov=38.8% dm=2050.5m | passos_sem_dad
  [1001/1152] N=180 r=20 G=1.1 | cov=42.0% dm=2043.4m | passos_sem_dad
  [1002/1152] N=180 r=20 G=1.25 | cov=41.4% dm=2043.7m | passos_sem_dad
  [1003/1152] N=180 r=20 G=1.5 | cov=42.6% dm=2043.5m | passos_sem_dad
  [1004/1152] N=180 r=20 G=2.0 | cov=38.9% dm=2051.7m | passos_sem_dad
  [1005/1152] N=360 r=20 G=1.1 | cov=43.4% dm=2042.2m | passos_sem_dad
  [1006/1152] N=360 r=20 G=1.25 | cov=42.9% dm=2042.6m | passos_sem_dad
  [1007/1152] N=360 r=20 G=1.5 | cov=42.4% dm=2042.7m | passos_sem_dad
  [1008/1152] N=360 r=20 G=2.0 | cov=41.5% dm=2051.9m | passos_sem_dad

=== 307/ida | 1 trips | 1,665 pings ===
  [1009/1152] N=90 r=5 G=1.1 | cov=2.6% dm=6174.3m | passos_sem_dad
  [1010/1152] N=90 r=5 G=1.25 | cov=2.3% dm=6173.7m | passos_sem_dad
  [1011/1152] N=90 r=5 G=1.5 | cov=2.1% dm=6181.1m | passos_sem_dad
  [1012/1152] N=90 r=5 G=2.0 | cov=1.9% dm=6171.4m | passos_sem_dad
  [1013/1152] N=180 r=5 G=1.1 | cov=1.9% dm=6172.1m | passos_sem_dad
  [1014/1152] N=180 r=5 G=1.25 | cov=2.5% dm=6178.3m | passos_sem_dad
  [1015/1152] N=180 r=5 G=1.5 | cov=1.6% dm=6170.1m | passos_sem_dad
  [1016/1152] N=180 r=5 G=2.0 | cov=1.9% dm=6171.5m | passos_sem_dad
  [1017/1152] N=360 r=5 G=1.1 | cov=2.1% dm=6174.6m | passos_sem_dad
  [1018/1152] N=360 r=5 G=1.25 | cov=2.3% dm=6181.5m | passos_sem_dad
  [1019/1152] N=360 r=5 G=1.5 | cov=2.2% dm=6179.1m | passos_sem_dad
  [1020/1152] N=360 r=5 G=2.0 | cov=1.7% dm=6171.1m | passos_sem_dad
  [1021/1152] N=90 r=10 G=1.1 | cov=2.2% dm=6179.6m | passos_sem_dad
  [1022/1152] N=90 r=10 G=1.25 | cov=2.5% dm=6184.2m | passos_sem_dad
  [1023/1152] N=90 r=10 G=1.5 | cov=2.3% dm=6174.7m | passos_sem_dad
  [1024/1152] N=90 r=10 G=2.0 | cov=1.9% dm=6170.0m | passos_sem_dad
  [1025/1152] N=180 r=10 G=1.1 | cov=2.5% dm=6173.3m | passos_sem_dad
  [1026/1152] N=180 r=10 G=1.25 | cov=2.6% dm=6178.1m | passos_sem_dad
  [1027/1152] N=180 r=10 G=1.5 | cov=2.3% dm=6177.2m | passos_sem_dad
  [1028/1152] N=180 r=10 G=2.0 | cov=1.8% dm=6174.9m | passos_sem_dad
  [1029/1152] N=360 r=10 G=1.1 | cov=2.6% dm=6171.3m | passos_sem_dad
  [1030/1152] N=360 r=10 G=1.25 | cov=2.7% dm=6178.0m | passos_sem_dad
  [1031/1152] N=360 r=10 G=1.5 | cov=2.5% dm=6175.8m | passos_sem_dad
  [1032/1152] N=360 r=10 G=2.0 | cov=2.0% dm=6174.6m | passos_sem_dad
  [1033/1152] N=90 r=20 G=1.1 | cov=2.3% dm=6174.5m | passos_sem_dad
  [1034/1152] N=90 r=20 G=1.25 | cov=1.4% dm=6094.0m | passos_sem_dad
  [1035/1152] N=90 r=20 G=1.5 | cov=2.2% dm=6185.3m | passos_sem_dad
  [1036/1152] N=90 r=20 G=2.0 | cov=1.6% dm=6177.6m | passos_sem_dad
  [1037/1152] N=180 r=20 G=1.1 | cov=2.0% dm=6152.6m | passos_sem_dad
  [1038/1152] N=180 r=20 G=1.25 | cov=2.3% dm=6179.3m | passos_sem_dad
  [1039/1152] N=180 r=20 G=1.5 | cov=2.0% dm=6185.1m | passos_sem_dad
  [1040/1152] N=180 r=20 G=2.0 | cov=1.6% dm=6177.6m | passos_sem_dad
  [1041/1152] N=360 r=20 G=1.1 | cov=2.0% dm=6145.0m | passos_sem_dad
  [1042/1152] N=360 r=20 G=1.25 | cov=1.3% dm=6177.4m | passos_sem_dad
  [1043/1152] N=360 r=20 G=1.5 | cov=2.2% dm=6185.0m | passos_sem_dad
  [1044/1152] N=360 r=20 G=2.0 | cov=1.0% dm=6150.8m | passos_sem_dad

=== 307/volta | 4 trips | 7,396 pings ===
  [1045/1152] N=90 r=5 G=1.1 | cov=86.9% dm=92.3m | passos_sem_dad
  [1046/1152] N=90 r=5 G=1.25 | cov=86.2% dm=82.1m | passos_sem_dad
  [1047/1152] N=90 r=5 G=1.5 | cov=86.1% dm=90.3m | passos_sem_dad
  [1048/1152] N=90 r=5 G=2.0 | cov=78.2% dm=97.5m | passos_sem_dad
  [1049/1152] N=180 r=5 G=1.1 | cov=86.5% dm=83.7m | passos_sem_dad
  [1050/1152] N=180 r=5 G=1.25 | cov=86.9% dm=81.0m | passos_sem_dad
  [1051/1152] N=180 r=5 G=1.5 | cov=86.2% dm=81.9m | passos_sem_dad
  [1052/1152] N=180 r=5 G=2.0 | cov=72.7% dm=241.8m | passos_sem_dad
  [1053/1152] N=360 r=5 G=1.1 | cov=86.6% dm=91.5m | passos_sem_dad
  [1054/1152] N=360 r=5 G=1.25 | cov=86.3% dm=80.8m | passos_sem_dad
  [1055/1152] N=360 r=5 G=1.5 | cov=87.0% dm=81.2m | passos_sem_dad
  [1056/1152] N=360 r=5 G=2.0 | cov=77.5% dm=98.4m | passos_sem_dad
  [1057/1152] N=90 r=10 G=1.1 | cov=86.3% dm=82.5m | passos_sem_dad
  [1058/1152] N=90 r=10 G=1.25 | cov=86.7% dm=82.4m | passos_sem_dad
  [1059/1152] N=90 r=10 G=1.5 | cov=87.7% dm=80.1m | passos_sem_dad
  [1060/1152] N=90 r=10 G=2.0 | cov=77.0% dm=84.9m | passos_sem_dad
  [1061/1152] N=180 r=10 G=1.1 | cov=80.9% dm=221.6m | passos_sem_dad
  [1062/1152] N=180 r=10 G=1.25 | cov=86.9% dm=80.5m | passos_sem_dad
  [1063/1152] N=180 r=10 G=1.5 | cov=87.7% dm=88.5m | passos_sem_dad
  [1064/1152] N=180 r=10 G=2.0 | cov=75.9% dm=97.6m | passos_sem_dad
  [1065/1152] N=360 r=10 G=1.1 | cov=80.5% dm=222.3m | passos_sem_dad
  [1066/1152] N=360 r=10 G=1.25 | cov=86.5% dm=82.7m | passos_sem_dad
  [1067/1152] N=360 r=10 G=1.5 | cov=87.6% dm=79.7m | passos_sem_dad
  [1068/1152] N=360 r=10 G=2.0 | cov=77.6% dm=97.3m | passos_sem_dad
  [1069/1152] N=90 r=20 G=1.1 | cov=85.9% dm=80.9m | passos_sem_dad
  [1070/1152] N=90 r=20 G=1.25 | cov=87.1% dm=91.5m | passos_sem_dad
  [1071/1152] N=90 r=20 G=1.5 | cov=86.2% dm=91.7m | passos_sem_dad
  [1072/1152] N=90 r=20 G=2.0 | cov=75.6% dm=97.6m | passos_sem_dad
  [1073/1152] N=180 r=20 G=1.1 | cov=79.9% dm=226.9m | passos_sem_dad
  [1074/1152] N=180 r=20 G=1.25 | cov=86.1% dm=92.5m | passos_sem_dad
  [1075/1152] N=180 r=20 G=1.5 | cov=86.5% dm=82.0m | passos_sem_dad
  [1076/1152] N=180 r=20 G=2.0 | cov=76.3% dm=98.9m | passos_sem_dad
  [1077/1152] N=360 r=20 G=1.1 | cov=86.2% dm=83.0m | passos_sem_dad
  [1078/1152] N=360 r=20 G=1.25 | cov=87.0% dm=82.1m | passos_sem_dad
  [1079/1152] N=360 r=20 G=1.5 | cov=86.5% dm=91.8m | passos_sem_dad
  [1080/1152] N=360 r=20 G=2.0 | cov=81.4% dm=94.6m | passos_sem_dad

=== 607/ida | 12 trips | 8,627 pings ===
  [1081/1152] N=90 r=5 G=1.1 | cov=72.0% dm=187.9m | OK
  [1082/1152] N=90 r=5 G=1.25 | cov=71.2% dm=189.1m | OK
  [1083/1152] N=90 r=5 G=1.5 | cov=71.0% dm=193.3m | OK
  [1084/1152] N=90 r=5 G=2.0 | cov=65.7% dm=196.7m | OK
  [1085/1152] N=180 r=5 G=1.1 | cov=71.2% dm=188.6m | OK
  [1086/1152] N=180 r=5 G=1.25 | cov=69.8% dm=193.9m | OK
  [1087/1152] N=180 r=5 G=1.5 | cov=70.5% dm=194.0m | OK
  [1088/1152] N=180 r=5 G=2.0 | cov=66.9% dm=193.9m | passos_sem_dad
  [1089/1152] N=360 r=5 G=1.1 | cov=71.7% dm=188.1m | OK
  [1090/1152] N=360 r=5 G=1.25 | cov=70.4% dm=190.3m | OK
  [1091/1152] N=360 r=5 G=1.5 | cov=71.8% dm=191.6m | OK
  [1092/1152] N=360 r=5 G=2.0 | cov=65.1% dm=196.7m | OK
  [1093/1152] N=90 r=10 G=1.1 | cov=70.8% dm=193.7m | OK
  [1094/1152] N=90 r=10 G=1.25 | cov=71.6% dm=188.9m | OK
  [1095/1152] N=90 r=10 G=1.5 | cov=72.5% dm=188.6m | OK
  [1096/1152] N=90 r=10 G=2.0 | cov=62.5% dm=198.6m | OK
  [1097/1152] N=180 r=10 G=1.1 | cov=70.7% dm=193.9m | OK
  [1098/1152] N=180 r=10 G=1.25 | cov=72.1% dm=192.1m | OK
  [1099/1152] N=180 r=10 G=1.5 | cov=71.7% dm=193.1m | OK
  [1100/1152] N=180 r=10 G=2.0 | cov=64.7% dm=197.0m | passos_sem_dad
  [1101/1152] N=360 r=10 G=1.1 | cov=71.0% dm=193.1m | OK
  [1102/1152] N=360 r=10 G=1.25 | cov=70.8% dm=192.4m | OK
  [1103/1152] N=360 r=10 G=1.5 | cov=71.2% dm=194.6m | OK
  [1104/1152] N=360 r=10 G=2.0 | cov=62.7% dm=199.2m | passos_sem_dad
  [1105/1152] N=90 r=20 G=1.1 | cov=68.9% dm=193.8m | OK
  [1106/1152] N=90 r=20 G=1.25 | cov=72.2% dm=190.9m | OK
  [1107/1152] N=90 r=20 G=1.5 | cov=72.0% dm=191.7m | OK
  [1108/1152] N=90 r=20 G=2.0 | cov=65.7% dm=196.9m | OK
  [1109/1152] N=180 r=20 G=1.1 | cov=68.8% dm=193.7m | OK
  [1110/1152] N=180 r=20 G=1.25 | cov=70.7% dm=192.6m | OK
  [1111/1152] N=180 r=20 G=1.5 | cov=72.4% dm=190.4m | OK
  [1112/1152] N=180 r=20 G=2.0 | cov=65.7% dm=198.1m | passos_sem_dad
  [1113/1152] N=360 r=20 G=1.1 | cov=69.0% dm=193.6m | OK
  [1114/1152] N=360 r=20 G=1.25 | cov=69.6% dm=194.5m | OK
  [1115/1152] N=360 r=20 G=1.5 | cov=71.6% dm=192.8m | OK
  [1116/1152] N=360 r=20 G=2.0 | cov=65.1% dm=193.5m | OK

=== 607/volta | 1 trips | 1,717 pings ===
  [1117/1152] N=90 r=5 G=1.1 | cov=3.8% dm=9805.4m | passos_sem_dad
  [1118/1152] N=90 r=5 G=1.25 | cov=3.6% dm=10233.6m | passos_sem_dad
  [1119/1152] N=90 r=5 G=1.5 | cov=66.4% dm=36.5m | OK
  [1120/1152] N=90 r=5 G=2.0 | cov=23.7% dm=2408.3m | passos_sem_dad
  [1121/1152] N=180 r=5 G=1.1 | cov=3.8% dm=9805.3m | passos_sem_dad
  [1122/1152] N=180 r=5 G=1.25 | cov=3.6% dm=10234.1m | passos_sem_dad
  [1123/1152] N=180 r=5 G=1.5 | cov=66.4% dm=36.5m | OK
  [1124/1152] N=180 r=5 G=2.0 | cov=23.7% dm=2408.3m | passos_sem_dad
  [1125/1152] N=360 r=5 G=1.1 | cov=3.9% dm=9803.2m | passos_sem_dad
  [1126/1152] N=360 r=5 G=1.25 | cov=3.6% dm=10233.9m | passos_sem_dad
  [1127/1152] N=360 r=5 G=1.5 | cov=75.0% dm=33.1m | OK
  [1128/1152] N=360 r=5 G=2.0 | cov=23.2% dm=2456.2m | passos_sem_dad
  [1129/1152] N=90 r=10 G=1.1 | cov=69.1% dm=35.4m | OK
  [1130/1152] N=90 r=10 G=1.25 | cov=3.8% dm=9821.4m | passos_sem_dad
  [1131/1152] N=90 r=10 G=1.5 | cov=3.8% dm=9814.6m | passos_sem_dad
  [1132/1152] N=90 r=10 G=2.0 | cov=18.9% dm=2441.4m | passos_sem_dad
  [1133/1152] N=180 r=10 G=1.1 | cov=69.1% dm=35.4m | OK
  [1134/1152] N=180 r=10 G=1.25 | cov=3.8% dm=9820.5m | passos_sem_dad
  [1135/1152] N=180 r=10 G=1.5 | cov=3.8% dm=9814.8m | passos_sem_dad
  [1136/1152] N=180 r=10 G=2.0 | cov=18.9% dm=2441.4m | passos_sem_dad
  [1137/1152] N=360 r=10 G=1.1 | cov=70.2% dm=34.9m | OK
  [1138/1152] N=360 r=10 G=1.25 | cov=3.8% dm=9820.6m | passos_sem_dad
  [1139/1152] N=360 r=10 G=1.5 | cov=3.8% dm=9814.9m | passos_sem_dad
  [1140/1152] N=360 r=10 G=2.0 | cov=24.3% dm=2432.9m | passos_sem_dad
  [1141/1152] N=90 r=20 G=1.1 | cov=66.3% dm=41.3m | OK
  [1142/1152] N=90 r=20 G=1.25 | cov=69.5% dm=35.8m | OK
  [1143/1152] N=90 r=20 G=1.5 | cov=73.7% dm=34.1m | OK
  [1144/1152] N=90 r=20 G=2.0 | cov=23.0% dm=2408.8m | passos_sem_dad
  [1145/1152] N=180 r=20 G=1.1 | cov=66.3% dm=41.3m | OK
  [1146/1152] N=180 r=20 G=1.25 | cov=69.5% dm=35.8m | OK
  [1147/1152] N=180 r=20 G=1.5 | cov=74.5% dm=33.8m | OK
  [1148/1152] N=180 r=20 G=2.0 | cov=23.0% dm=2408.8m | passos_sem_dad
  [1149/1152] N=360 r=20 G=1.1 | cov=67.9% dm=36.8m | OK
  [1150/1152] N=360 r=20 G=1.25 | cov=67.6% dm=36.3m | OK
  [1151/1152] N=360 r=20 G=1.5 | cov=74.5% dm=33.8m | OK
  [1152/1152] N=360 r=20 G=2.0 | cov=22.1% dm=2435.0m | passos_sem_dad

================================================================
Concluído: 1152 execuções
Completas: 620 (53.8%)
Configs com sucesso: 18/28
Sumário: /Users/pedrorebollo/projetos/traje_disc/experimento_v4/outputs/experiment_summary.csv
Rotas:   /Users/pedrorebollo/projetos/traje_disc/experimento_v4/outputs/routes
Imagens: /Users/pedrorebollo/projetos/traje_disc/experimento_v4/outputs/images
================================================================
